Stage-2 smoke run: 50 iters × 4 sequences  (init from Stage 1 ckpt)
  sem_loss=both  weights occ/kl/ce/lov = 1.0/1.0/10.0/1.0
  occ_pos_weight=16.0  ignore_empty_in_sem=True
[1/5] Building loader…
    base sequences: 3376, with-GT sequences: 914
    cache the first 4 GT-covered sequences (loader idx = [80, 81, 82, 83])
[2/5] Reading Stage-1 ckpt arch: out/barebones_full_part1_5000iter_v2/ckpt.pt
    arch: {'K': 900, 'J': 10, 'embed_dims': 768, 'num_layers': 6, 'num_pts': 13, 'feedforward_channels': 3072}
[3/5] Building backbone + Stage 2 model…


    query_init: learned (paper §3.4.1 — Stage2Lifter, ignores LiDAR)
    segmentor: missing=3 unexpected=0; child_head.head partial-transferred (first 11 rows): True
    trainable: backbone=47.5 M, model=60.7 M, total=108.2 M
[4/5] G2V backend: cuda (DENSE — full 200×200×16 grid)
[5/5] Training for 50 iters (log every 2, NaN-guarded, grad-clip=10.0)…

  iter |   total |  occ_bce |  sem_kl |  sem_ce | lovasz |  gnorm | opa_mean | sec | mem MB
  -----+---------+----------+---------+---------+--------+--------+----------+-----+-------
     0 |  35.996 |   2.9710 |   2.916 |   2.916 |  0.946 |  39.50 |    0.176 |   1 |   4001
     2 |  33.623 |   2.5020 |   2.743 |   2.743 |  0.942 |  37.15 |    0.206 |   3 |   5193
     4 |  31.375 |   2.1210 |   2.574 |   2.574 |  0.939 |  35.31 |    0.233 |   4 |   5227
     6 |  29.276 |   1.8735 |   2.406 |   2.406 |  0.935 |  34.24 |    0.251 |   6 |   5259
     8 |  27.260 |   1.7007 |   2.239 |   2.239 |  0.929 |  33.03 |    0.260 |   7 |   5294
    10 |  25.363 |   1.5891 |   2.077 |   2.077 |  0.923 |  30.87 |    0.265 |   9 |   5321
    12 |  23.543 |   1.5060 |   1.920 |   1.920 |  0.915 |  26.69 |    0.269 |  11 |   5328
    14 |  21.996 |   1.4506 |   1.785 |   1.785 |  0.905 |  20.33 |    0.273 |  12 |   5328
    16 |  20.821 |   1.4011 |   1.684 |   1.684 |  0.898 |  15.58 |    0.270 |  14 |   5328
    18 |  19.956 |   1.3447 |   1.611 |   1.611 |  0.891 |  14.09 |    0.257 |  16 |   5371
    20 |  19.158 |   1.2791 |   1.545 |   1.545 |  0.884 |  13.96 |    0.240 |  17 |   5426
    22 |  18.541 |   1.2803 |   1.489 |   1.489 |  0.877 |  11.03 |    0.226 |  19 |   5451
    24 |  17.925 |   1.2848 |   1.434 |   1.434 |  0.871 |   7.72 |    0.222 |  21 |   5475
    26 |  17.538 |   1.2832 |   1.399 |   1.399 |  0.862 |   8.68 |    0.221 |  22 |   5501
    28 |  17.051 |   1.2775 |   1.356 |   1.356 |  0.853 |   8.23 |    0.213 |  24 |   5513
    30 |  16.737 |   1.2893 |   1.328 |   1.328 |  0.843 |   6.68 |    0.202 |  26 |   5518
    32 |  16.325 |   1.2993 |   1.290 |   1.290 |  0.836 |   6.68 |    0.194 |  27 |   5545
    34 |  16.029 |   1.3061 |   1.263 |   1.263 |  0.833 |   7.36 |    0.189 |  29 |   5566
    36 |  15.615 |   1.3055 |   1.225 |   1.225 |  0.829 |   6.31 |    0.182 |  31 |   5575
    38 |  15.323 |   1.3160 |   1.198 |   1.198 |  0.826 |   7.89 |    0.180 |  33 |   5575
    40 |  14.875 |   1.3240 |   1.157 |   1.157 |  0.820 |   6.21 |    0.183 |  34 |   5575
    42 |  14.595 |   1.3234 |   1.133 |   1.133 |  0.812 |   5.45 |    0.189 |  36 |   5575
    44 |  14.197 |   1.3178 |   1.098 |   1.098 |  0.805 |   5.75 |    0.189 |  38 |   5575
    46 |  13.968 |   1.3281 |   1.077 |   1.077 |  0.797 |   7.05 |    0.187 |  39 |   5575
    48 |  13.640 |   1.3393 |   1.046 |   1.046 |  0.793 |   9.11 |    0.194 |  41 |   5575
    49 |  13.453 |   1.3403 |   1.029 |   1.029 |  0.789 |   8.28 |    0.196 |  42 |   5575

Stage-2 smoke summary:
  iters total              : 50
  iters skipped (NaN guard): 0  (0.0%)
  loss avg first 5 finite  : 33.6546
  loss avg last  5 finite  : 13.8115
  Δ = +19.8431  (GOOD)
  history → out/stage2_smoke_50iter_bridged/training_history.json
  ckpt    → out/stage2_smoke_50iter_bridged/ckpt.pt  (413.8 MB)
