Stage-2 smoke run: 50 iters × 4 sequences  (FROM SCRATCH (T0-tier))
  sem_loss=both  weights occ/kl/ce/lov = 1.0/1.0/10.0/1.0
[1/5] Building loader…
    base sequences: 3376, with-GT sequences: 914
    cache the first 4 GT-covered sequences (loader idx = [80, 81, 82, 83])
[2/5] From-scratch T0-tier arch (no Stage-1 ckpt)
    arch: {'K': 900, 'J': 10, 'embed_dims': 768, 'num_layers': 2, 'num_pts': 4, 'feedforward_channels': 2048}
[3/5] Building backbone + Stage 2 model…


    backbone: torchvision ResNet50 pretrained init (no Stage-1 fine-tune)
    segmentor + semantic head: random init
    trainable: backbone=47.5 M, model=22.9 M, total=70.4 M
[4/5] G2V backend: cuda (DENSE — full 200×200×16 grid)
[5/5] Training for 50 iters (log every 2, NaN-guarded, grad-clip=10.0)…

  iter |   total |  occ_bce |  sem_kl |  sem_ce | lovasz |  gnorm | opa_mean | sec | mem MB
  -----+---------+----------+---------+---------+--------+--------+----------+-----+-------
     0 |  28.610 |   0.5859 |   2.462 |   2.462 |  0.944 | 100.72 |    0.305 |   1 |   3193
     2 |  22.893 |   0.2941 |   1.968 |   1.968 |  0.950 |  13.30 |    0.119 |   2 |   3740
     4 |  17.049 |   0.2439 |   1.442 |   1.442 |  0.942 |   4.63 |    0.080 |   3 |   3741
     6 |  15.788 |   0.2231 |   1.330 |   1.330 |  0.939 |   3.38 |    0.037 |   5 |   3742
     8 |  14.202 |   0.2095 |   1.187 |   1.187 |  0.935 |   4.60 |    0.031 |   6 |   3742
    10 |  13.886 |   0.2046 |   1.159 |   1.159 |  0.935 |   1.60 |    0.026 |   8 |   3742
    12 |  14.307 |   0.1995 |   1.197 |   1.197 |  0.936 |   2.12 |    0.026 |   9 |   3742
    14 |  15.235 |   0.2011 |   1.282 |   1.282 |  0.937 |   2.22 |    0.028 |  11 |   3742
    16 |  14.838 |   0.2011 |   1.246 |   1.246 |  0.936 |   1.58 |    0.028 |  12 |   3742
    18 |  14.991 |   0.1948 |   1.260 |   1.260 |  0.936 |   1.84 |    0.026 |  13 |   3742
    20 |  14.759 |   0.1943 |   1.239 |   1.239 |  0.935 |   1.03 |    0.028 |  15 |   3742
    22 |  14.671 |   0.1959 |   1.231 |   1.231 |  0.934 |   1.55 |    0.030 |  16 |   3742
    24 |  15.097 |   0.1915 |   1.270 |   1.270 |  0.935 |   1.23 |    0.031 |  18 |   3742
    26 |  14.809 |   0.1906 |   1.244 |   1.244 |  0.933 |   1.00 |    0.036 |  19 |   3742
    28 |  14.509 |   0.1872 |   1.217 |   1.217 |  0.931 |   1.80 |    0.036 |  21 |   3742
    30 |  14.435 |   0.1889 |   1.211 |   1.211 |  0.930 |   1.34 |    0.037 |  22 |   3742
    32 |  14.690 |   0.1867 |   1.234 |   1.234 |  0.928 |   1.93 |    0.043 |  23 |   3742
    34 |  13.526 |   0.1862 |   1.128 |   1.128 |  0.928 |   3.49 |    0.044 |  25 |   3742
    36 |  15.557 |   0.1955 |   1.312 |   1.312 |  0.925 |   3.38 |    0.050 |  26 |   3742
    38 |  13.716 |   0.1850 |   1.146 |   1.146 |  0.925 |   3.53 |    0.050 |  28 |   3742
    40 |  13.361 |   0.1901 |   1.114 |   1.114 |  0.917 |   3.95 |    0.056 |  29 |   3743
    42 |  13.401 |   0.1974 |   1.117 |   1.117 |  0.917 |   2.89 |    0.050 |  31 |   3745
    44 |  11.817 |   0.1903 |   0.973 |   0.973 |  0.920 |   7.46 |    0.040 |  32 |   3748
    46 |  11.805 |   0.1979 |   0.973 |   0.973 |  0.907 |   5.97 |    0.047 |  34 |   3748
    48 |  11.323 |   0.1812 |   0.930 |   0.930 |  0.912 |   3.84 |    0.037 |  35 |   3748
    49 |  12.355 |   0.1913 |   1.023 |   1.023 |  0.907 |   3.28 |    0.042 |  36 |   3749

Stage-2 smoke summary:
  iters total              : 50
  iters skipped (NaN guard): 0  (0.0%)
  loss avg first 5 finite  : 22.1461
  loss avg last  5 finite  : 11.8417
  Δ = +10.3044  (GOOD)
  history → out/stage2_smoke_50iter_cuda/training_history.json
  ckpt    → out/stage2_smoke_50iter_cuda/ckpt.pt  (269.5 MB)
