S1.7e/f overfit run — 500 iters on 4 fixed sequences

[1/4] Loading and caching overfit data…
    4 sequences × T=4 frames cached on cuda
[2/4] Building model…
05/12 16:23:51 - mmengine - INFO - load model from: torchvision://resnet50
05/12 16:23:51 - mmengine - INFO - Loads checkpoint by torchvision backend from path: torchvision://resnet50
05/12 16:23:51 - mmengine - WARNING - The model and loaded state dict do not match exactly

unexpected key in source state_dict: fc.weight, fc.bias

05/12 16:23:51 - mmengine - INFO - 
conv1.weight - torch.Size([64, 3, 7, 7]): 
PretrainedInit: load from torchvision://resnet50 
 
05/12 16:23:51 - mmengine - INFO - 
bn1.weight - torch.Size([64]): 
PretrainedInit: load from torchvision://resnet50 
 
05/12 16:23:51 - mmengine - INFO - 
bn1.bias - torch.Size([64]): 
PretrainedInit: load from torchvision://resnet50 
 
05/12 16:23:51 - mmengine - INFO - 
layer1.0.conv1.weight - torch.Size([64, 64, 1, 1]): 
PretrainedInit: load from torchvision://resnet50 
 
05/12 16:23:51 - mmengine - INFO - 
layer1.0.bn1.weight - torch.Size([64]): 
PretrainedInit: load from torchvision://resnet50 
 
05/12 16:23:51 - mmengine - INFO - 
layer1.0.bn1.bias - torch.Size([64]): 
PretrainedInit: load from torchvision://resnet50 
 
05/12 16:23:51 - mmengine - INFO - 
layer1.0.conv2.weight - torch.Size([64, 64, 3, 3]): 
PretrainedInit: load from torchvision://resnet50 
 
05/12 16:23:51 - mmengine - INFO - 
layer1.0.bn2.weight - torch.Size([64]): 
PretrainedInit: load from torchvision://resnet50 
 
05/12 16:23:51 - mmengine - INFO - 
layer1.0.bn2.bias - torch.Size([64]): 
PretrainedInit: load from torchvision://resnet50 
 
05/12 16:23:51 - mmengine - INFO - 
layer1.0.conv3.weight - torch.Size([256, 64, 1, 1]): 
PretrainedInit: load from torchvision://resnet50 
 
05/12 16:23:51 - mmengine - INFO - 
layer1.0.bn3.weight - torch.Size([256]): 
PretrainedInit: load from torchvision://resnet50 
 
05/12 16:23:51 - mmengine - INFO - 
layer1.0.bn3.bias - torch.Size([256]): 
PretrainedInit: load from torchvision://resnet50 
 
05/12 16:23:51 - mmengine - INFO - 
layer1.0.downsample.0.weight - torch.Size([256, 64, 1, 1]): 
PretrainedInit: load from torchvision://resnet50 
 
05/12 16:23:51 - mmengine - INFO - 
layer1.0.downsample.1.weight - torch.Size([256]): 
PretrainedInit: load from torchvision://resnet50 
 
05/12 16:23:51 - mmengine - INFO - 
layer1.0.downsample.1.bias - torch.Size([256]): 
PretrainedInit: load from torchvision://resnet50 
 
05/12 16:23:51 - mmengine - INFO - 
layer1.1.conv1.weight - torch.Size([64, 256, 1, 1]): 
PretrainedInit: load from torchvision://resnet50 
 
05/12 16:23:51 - mmengine - INFO - 
layer1.1.bn1.weight - torch.Size([64]): 
PretrainedInit: load from torchvision://resnet50 
 
05/12 16:23:51 - mmengine - INFO - 
layer1.1.bn1.bias - torch.Size([64]): 
PretrainedInit: load from torchvision://resnet50 
 
05/12 16:23:51 - mmengine - INFO - 
layer1.1.conv2.weight - torch.Size([64, 64, 3, 3]): 
PretrainedInit: load from torchvision://resnet50 
 
05/12 16:23:51 - mmengine - INFO - 
layer1.1.bn2.weight - torch.Size([64]): 
PretrainedInit: load from torchvision://resnet50 
 
05/12 16:23:51 - mmengine - INFO - 
layer1.1.bn2.bias - torch.Size([64]): 
PretrainedInit: load from torchvision://resnet50 
 
05/12 16:23:51 - mmengine - INFO - 
layer1.1.conv3.weight - torch.Size([256, 64, 1, 1]): 
PretrainedInit: load from torchvision://resnet50 
 
05/12 16:23:51 - mmengine - INFO - 
layer1.1.bn3.weight - torch.Size([256]): 
PretrainedInit: load from torchvision://resnet50 
 
05/12 16:23:51 - mmengine - INFO - 
layer1.1.bn3.bias - torch.Size([256]): 
PretrainedInit: load from torchvision://resnet50 
 
05/12 16:23:51 - mmengine - INFO - 
layer1.2.conv1.weight - torch.Size([64, 256, 1, 1]): 
PretrainedInit: load from torchvision://resnet50 
 
05/12 16:23:51 - mmengine - INFO - 
layer1.2.bn1.weight - torch.Size([64]): 
PretrainedInit: load from torchvision://resnet50 
 
05/12 16:23:51 - mmengine - INFO - 
layer1.2.bn1.bias - torch.Size([64]): 
PretrainedInit: load from torchvision://resnet50 
 
05/12 16:23:51 - mmengine - INFO - 
layer1.2.conv2.weight - torch.Size([64, 64, 3, 3]): 
PretrainedInit: load from torchvision://resnet50 
 
05/12 16:23:51 - mmengine - INFO - 
layer1.2.bn2.weight - torch.Size([64]): 
PretrainedInit: load from torchvision://resnet50 
 
05/12 16:23:51 - mmengine - INFO - 
layer1.2.bn2.bias - torch.Size([64]): 
PretrainedInit: load from torchvision://resnet50 
 
05/12 16:23:51 - mmengine - INFO - 
layer1.2.conv3.weight - torch.Size([256, 64, 1, 1]): 
PretrainedInit: load from torchvision://resnet50 
 
05/12 16:23:51 - mmengine - INFO - 
layer1.2.bn3.weight - torch.Size([256]): 
PretrainedInit: load from torchvision://resnet50 
 
05/12 16:23:51 - mmengine - INFO - 
layer1.2.bn3.bias - torch.Size([256]): 
PretrainedInit: load from torchvision://resnet50 
 
05/12 16:23:51 - mmengine - INFO - 
layer2.0.conv1.weight - torch.Size([128, 256, 1, 1]): 
PretrainedInit: load from torchvision://resnet50 
 
05/12 16:23:51 - mmengine - INFO - 
layer2.0.bn1.weight - torch.Size([128]): 
PretrainedInit: load from torchvision://resnet50 
 
05/12 16:23:51 - mmengine - INFO - 
layer2.0.bn1.bias - torch.Size([128]): 
PretrainedInit: load from torchvision://resnet50 
 
05/12 16:23:51 - mmengine - INFO - 
layer2.0.conv2.weight - torch.Size([128, 128, 3, 3]): 
PretrainedInit: load from torchvision://resnet50 
 
05/12 16:23:51 - mmengine - INFO - 
layer2.0.bn2.weight - torch.Size([128]): 
PretrainedInit: load from torchvision://resnet50 
 
05/12 16:23:51 - mmengine - INFO - 
layer2.0.bn2.bias - torch.Size([128]): 
PretrainedInit: load from torchvision://resnet50 
 
05/12 16:23:51 - mmengine - INFO - 
layer2.0.conv3.weight - torch.Size([512, 128, 1, 1]): 
PretrainedInit: load from torchvision://resnet50 
 
05/12 16:23:51 - mmengine - INFO - 
layer2.0.bn3.weight - torch.Size([512]): 
PretrainedInit: load from torchvision://resnet50 
 
05/12 16:23:51 - mmengine - INFO - 
layer2.0.bn3.bias - torch.Size([512]): 
PretrainedInit: load from torchvision://resnet50 
 
05/12 16:23:51 - mmengine - INFO - 
layer2.0.downsample.0.weight - torch.Size([512, 256, 1, 1]): 
PretrainedInit: load from torchvision://resnet50 
 
05/12 16:23:51 - mmengine - INFO - 
layer2.0.downsample.1.weight - torch.Size([512]): 
PretrainedInit: load from torchvision://resnet50 
 
05/12 16:23:51 - mmengine - INFO - 
layer2.0.downsample.1.bias - torch.Size([512]): 
PretrainedInit: load from torchvision://resnet50 
 
05/12 16:23:51 - mmengine - INFO - 
layer2.1.conv1.weight - torch.Size([128, 512, 1, 1]): 
PretrainedInit: load from torchvision://resnet50 
 
05/12 16:23:51 - mmengine - INFO - 
layer2.1.bn1.weight - torch.Size([128]): 
PretrainedInit: load from torchvision://resnet50 
 
05/12 16:23:51 - mmengine - INFO - 
layer2.1.bn1.bias - torch.Size([128]): 
PretrainedInit: load from torchvision://resnet50 
 
05/12 16:23:51 - mmengine - INFO - 
layer2.1.conv2.weight - torch.Size([128, 128, 3, 3]): 
PretrainedInit: load from torchvision://resnet50 
 
05/12 16:23:51 - mmengine - INFO - 
layer2.1.bn2.weight - torch.Size([128]): 
PretrainedInit: load from torchvision://resnet50 
 
05/12 16:23:51 - mmengine - INFO - 
layer2.1.bn2.bias - torch.Size([128]): 
PretrainedInit: load from torchvision://resnet50 
 
05/12 16:23:51 - mmengine - INFO - 
layer2.1.conv3.weight - torch.Size([512, 128, 1, 1]): 
PretrainedInit: load from torchvision://resnet50 
 
05/12 16:23:51 - mmengine - INFO - 
layer2.1.bn3.weight - torch.Size([512]): 
PretrainedInit: load from torchvision://resnet50 
 
05/12 16:23:51 - mmengine - INFO - 
layer2.1.bn3.bias - torch.Size([512]): 
PretrainedInit: load from torchvision://resnet50 
 
05/12 16:23:51 - mmengine - INFO - 
layer2.2.conv1.weight - torch.Size([128, 512, 1, 1]): 
PretrainedInit: load from torchvision://resnet50 
 
05/12 16:23:51 - mmengine - INFO - 
layer2.2.bn1.weight - torch.Size([128]): 
PretrainedInit: load from torchvision://resnet50 
 
05/12 16:23:51 - mmengine - INFO - 
layer2.2.bn1.bias - torch.Size([128]): 
PretrainedInit: load from torchvision://resnet50 
 
05/12 16:23:51 - mmengine - INFO - 
layer2.2.conv2.weight - torch.Size([128, 128, 3, 3]): 
PretrainedInit: load from torchvision://resnet50 
 
05/12 16:23:51 - mmengine - INFO - 
layer2.2.bn2.weight - torch.Size([128]): 
PretrainedInit: load from torchvision://resnet50 
 
05/12 16:23:51 - mmengine - INFO - 
layer2.2.bn2.bias - torch.Size([128]): 
PretrainedInit: load from torchvision://resnet50 
 
05/12 16:23:51 - mmengine - INFO - 
layer2.2.conv3.weight - torch.Size([512, 128, 1, 1]): 
PretrainedInit: load from torchvision://resnet50 
 
05/12 16:23:51 - mmengine - INFO - 
layer2.2.bn3.weight - torch.Size([512]): 
PretrainedInit: load from torchvision://resnet50 
 
05/12 16:23:51 - mmengine - INFO - 
layer2.2.bn3.bias - torch.Size([512]): 
PretrainedInit: load from torchvision://resnet50 
 
05/12 16:23:51 - mmengine - INFO - 
layer2.3.conv1.weight - torch.Size([128, 512, 1, 1]): 
PretrainedInit: load from torchvision://resnet50 
 
05/12 16:23:51 - mmengine - INFO - 
layer2.3.bn1.weight - torch.Size([128]): 
PretrainedInit: load from torchvision://resnet50 
 
05/12 16:23:51 - mmengine - INFO - 
layer2.3.bn1.bias - torch.Size([128]): 
PretrainedInit: load from torchvision://resnet50 
 
05/12 16:23:51 - mmengine - INFO - 
layer2.3.conv2.weight - torch.Size([128, 128, 3, 3]): 
PretrainedInit: load from torchvision://resnet50 
 
05/12 16:23:51 - mmengine - INFO - 
layer2.3.bn2.weight - torch.Size([128]): 
PretrainedInit: load from torchvision://resnet50 
 
05/12 16:23:51 - mmengine - INFO - 
layer2.3.bn2.bias - torch.Size([128]): 
PretrainedInit: load from torchvision://resnet50 
 
05/12 16:23:51 - mmengine - INFO - 
layer2.3.conv3.weight - torch.Size([512, 128, 1, 1]): 
PretrainedInit: load from torchvision://resnet50 
 
05/12 16:23:51 - mmengine - INFO - 
layer2.3.bn3.weight - torch.Size([512]): 
PretrainedInit: load from torchvision://resnet50 
 
05/12 16:23:51 - mmengine - INFO - 
layer2.3.bn3.bias - torch.Size([512]): 
PretrainedInit: load from torchvision://resnet50 
 
05/12 16:23:51 - mmengine - INFO - 
layer3.0.conv1.weight - torch.Size([256, 512, 1, 1]): 
PretrainedInit: load from torchvision://resnet50 
 
05/12 16:23:51 - mmengine - INFO - 
layer3.0.bn1.weight - torch.Size([256]): 
PretrainedInit: load from torchvision://resnet50 
 
05/12 16:23:51 - mmengine - INFO - 
layer3.0.bn1.bias - torch.Size([256]): 
PretrainedInit: load from torchvision://resnet50 
 
05/12 16:23:51 - mmengine - INFO - 
layer3.0.conv2.weight - torch.Size([256, 256, 3, 3]): 
PretrainedInit: load from torchvision://resnet50 
 
05/12 16:23:51 - mmengine - INFO - 
layer3.0.bn2.weight - torch.Size([256]): 
PretrainedInit: load from torchvision://resnet50 
 
05/12 16:23:51 - mmengine - INFO - 
layer3.0.bn2.bias - torch.Size([256]): 
PretrainedInit: load from torchvision://resnet50 
 
05/12 16:23:51 - mmengine - INFO - 
layer3.0.conv3.weight - torch.Size([1024, 256, 1, 1]): 
PretrainedInit: load from torchvision://resnet50 
 
05/12 16:23:51 - mmengine - INFO - 
layer3.0.bn3.weight - torch.Size([1024]): 
PretrainedInit: load from torchvision://resnet50 
 
05/12 16:23:51 - mmengine - INFO - 
layer3.0.bn3.bias - torch.Size([1024]): 
PretrainedInit: load from torchvision://resnet50 
 
05/12 16:23:51 - mmengine - INFO - 
layer3.0.downsample.0.weight - torch.Size([1024, 512, 1, 1]): 
PretrainedInit: load from torchvision://resnet50 
 
05/12 16:23:51 - mmengine - INFO - 
layer3.0.downsample.1.weight - torch.Size([1024]): 
PretrainedInit: load from torchvision://resnet50 
 
05/12 16:23:51 - mmengine - INFO - 
layer3.0.downsample.1.bias - torch.Size([1024]): 
PretrainedInit: load from torchvision://resnet50 
 
05/12 16:23:51 - mmengine - INFO - 
layer3.1.conv1.weight - torch.Size([256, 1024, 1, 1]): 
PretrainedInit: load from torchvision://resnet50 
 
05/12 16:23:51 - mmengine - INFO - 
layer3.1.bn1.weight - torch.Size([256]): 
PretrainedInit: load from torchvision://resnet50 
 
05/12 16:23:51 - mmengine - INFO - 
layer3.1.bn1.bias - torch.Size([256]): 
PretrainedInit: load from torchvision://resnet50 
 
05/12 16:23:51 - mmengine - INFO - 
layer3.1.conv2.weight - torch.Size([256, 256, 3, 3]): 
PretrainedInit: load from torchvision://resnet50 
 
05/12 16:23:51 - mmengine - INFO - 
layer3.1.bn2.weight - torch.Size([256]): 
PretrainedInit: load from torchvision://resnet50 
 
05/12 16:23:51 - mmengine - INFO - 
layer3.1.bn2.bias - torch.Size([256]): 
PretrainedInit: load from torchvision://resnet50 
 
05/12 16:23:51 - mmengine - INFO - 
layer3.1.conv3.weight - torch.Size([1024, 256, 1, 1]): 
PretrainedInit: load from torchvision://resnet50 
 
05/12 16:23:51 - mmengine - INFO - 
layer3.1.bn3.weight - torch.Size([1024]): 
PretrainedInit: load from torchvision://resnet50 
 
05/12 16:23:51 - mmengine - INFO - 
layer3.1.bn3.bias - torch.Size([1024]): 
PretrainedInit: load from torchvision://resnet50 
 
05/12 16:23:51 - mmengine - INFO - 
layer3.2.conv1.weight - torch.Size([256, 1024, 1, 1]): 
PretrainedInit: load from torchvision://resnet50 
 
05/12 16:23:51 - mmengine - INFO - 
layer3.2.bn1.weight - torch.Size([256]): 
PretrainedInit: load from torchvision://resnet50 
 
05/12 16:23:51 - mmengine - INFO - 
layer3.2.bn1.bias - torch.Size([256]): 
PretrainedInit: load from torchvision://resnet50 
 
05/12 16:23:51 - mmengine - INFO - 
layer3.2.conv2.weight - torch.Size([256, 256, 3, 3]): 
PretrainedInit: load from torchvision://resnet50 
 
05/12 16:23:51 - mmengine - INFO - 
layer3.2.bn2.weight - torch.Size([256]): 
PretrainedInit: load from torchvision://resnet50 
 
05/12 16:23:51 - mmengine - INFO - 
layer3.2.bn2.bias - torch.Size([256]): 
PretrainedInit: load from torchvision://resnet50 
 
05/12 16:23:51 - mmengine - INFO - 
layer3.2.conv3.weight - torch.Size([1024, 256, 1, 1]): 
PretrainedInit: load from torchvision://resnet50 
 
05/12 16:23:51 - mmengine - INFO - 
layer3.2.bn3.weight - torch.Size([1024]): 
PretrainedInit: load from torchvision://resnet50 
 
05/12 16:23:51 - mmengine - INFO - 
layer3.2.bn3.bias - torch.Size([1024]): 
PretrainedInit: load from torchvision://resnet50 
 
05/12 16:23:51 - mmengine - INFO - 
layer3.3.conv1.weight - torch.Size([256, 1024, 1, 1]): 
PretrainedInit: load from torchvision://resnet50 
 
05/12 16:23:51 - mmengine - INFO - 
layer3.3.bn1.weight - torch.Size([256]): 
PretrainedInit: load from torchvision://resnet50 
 
05/12 16:23:51 - mmengine - INFO - 
layer3.3.bn1.bias - torch.Size([256]): 
PretrainedInit: load from torchvision://resnet50 
 
05/12 16:23:51 - mmengine - INFO - 
layer3.3.conv2.weight - torch.Size([256, 256, 3, 3]): 
PretrainedInit: load from torchvision://resnet50 
 
05/12 16:23:51 - mmengine - INFO - 
layer3.3.bn2.weight - torch.Size([256]): 
PretrainedInit: load from torchvision://resnet50 
 
05/12 16:23:51 - mmengine - INFO - 
layer3.3.bn2.bias - torch.Size([256]): 
PretrainedInit: load from torchvision://resnet50 
 
05/12 16:23:51 - mmengine - INFO - 
layer3.3.conv3.weight - torch.Size([1024, 256, 1, 1]): 
PretrainedInit: load from torchvision://resnet50 
 
05/12 16:23:51 - mmengine - INFO - 
layer3.3.bn3.weight - torch.Size([1024]): 
PretrainedInit: load from torchvision://resnet50 
 
05/12 16:23:51 - mmengine - INFO - 
layer3.3.bn3.bias - torch.Size([1024]): 
PretrainedInit: load from torchvision://resnet50 
 
05/12 16:23:51 - mmengine - INFO - 
layer3.4.conv1.weight - torch.Size([256, 1024, 1, 1]): 
PretrainedInit: load from torchvision://resnet50 
 
05/12 16:23:51 - mmengine - INFO - 
layer3.4.bn1.weight - torch.Size([256]): 
PretrainedInit: load from torchvision://resnet50 
 
05/12 16:23:51 - mmengine - INFO - 
layer3.4.bn1.bias - torch.Size([256]): 
PretrainedInit: load from torchvision://resnet50 
 
05/12 16:23:51 - mmengine - INFO - 
layer3.4.conv2.weight - torch.Size([256, 256, 3, 3]): 
PretrainedInit: load from torchvision://resnet50 
 
05/12 16:23:51 - mmengine - INFO - 
layer3.4.bn2.weight - torch.Size([256]): 
PretrainedInit: load from torchvision://resnet50 
 
05/12 16:23:51 - mmengine - INFO - 
layer3.4.bn2.bias - torch.Size([256]): 
PretrainedInit: load from torchvision://resnet50 
 
05/12 16:23:51 - mmengine - INFO - 
layer3.4.conv3.weight - torch.Size([1024, 256, 1, 1]): 
PretrainedInit: load from torchvision://resnet50 
 
05/12 16:23:51 - mmengine - INFO - 
layer3.4.bn3.weight - torch.Size([1024]): 
PretrainedInit: load from torchvision://resnet50 
 
05/12 16:23:51 - mmengine - INFO - 
layer3.4.bn3.bias - torch.Size([1024]): 
PretrainedInit: load from torchvision://resnet50 
 
05/12 16:23:51 - mmengine - INFO - 
layer3.5.conv1.weight - torch.Size([256, 1024, 1, 1]): 
PretrainedInit: load from torchvision://resnet50 
 
05/12 16:23:51 - mmengine - INFO - 
layer3.5.bn1.weight - torch.Size([256]): 
PretrainedInit: load from torchvision://resnet50 
 
05/12 16:23:51 - mmengine - INFO - 
layer3.5.bn1.bias - torch.Size([256]): 
PretrainedInit: load from torchvision://resnet50 
 
05/12 16:23:51 - mmengine - INFO - 
layer3.5.conv2.weight - torch.Size([256, 256, 3, 3]): 
PretrainedInit: load from torchvision://resnet50 
 
05/12 16:23:51 - mmengine - INFO - 
layer3.5.bn2.weight - torch.Size([256]): 
PretrainedInit: load from torchvision://resnet50 
 
05/12 16:23:51 - mmengine - INFO - 
layer3.5.bn2.bias - torch.Size([256]): 
PretrainedInit: load from torchvision://resnet50 
 
05/12 16:23:51 - mmengine - INFO - 
layer3.5.conv3.weight - torch.Size([1024, 256, 1, 1]): 
PretrainedInit: load from torchvision://resnet50 
 
05/12 16:23:51 - mmengine - INFO - 
layer3.5.bn3.weight - torch.Size([1024]): 
PretrainedInit: load from torchvision://resnet50 
 
05/12 16:23:51 - mmengine - INFO - 
layer3.5.bn3.bias - torch.Size([1024]): 
PretrainedInit: load from torchvision://resnet50 
 
05/12 16:23:51 - mmengine - INFO - 
layer4.0.conv1.weight - torch.Size([512, 1024, 1, 1]): 
PretrainedInit: load from torchvision://resnet50 
 
05/12 16:23:51 - mmengine - INFO - 
layer4.0.bn1.weight - torch.Size([512]): 
PretrainedInit: load from torchvision://resnet50 
 
05/12 16:23:51 - mmengine - INFO - 
layer4.0.bn1.bias - torch.Size([512]): 
PretrainedInit: load from torchvision://resnet50 
 
05/12 16:23:51 - mmengine - INFO - 
layer4.0.conv2.weight - torch.Size([512, 512, 3, 3]): 
PretrainedInit: load from torchvision://resnet50 
 
05/12 16:23:51 - mmengine - INFO - 
layer4.0.bn2.weight - torch.Size([512]): 
PretrainedInit: load from torchvision://resnet50 
 
05/12 16:23:51 - mmengine - INFO - 
layer4.0.bn2.bias - torch.Size([512]): 
PretrainedInit: load from torchvision://resnet50 
 
05/12 16:23:51 - mmengine - INFO - 
layer4.0.conv3.weight - torch.Size([2048, 512, 1, 1]): 
PretrainedInit: load from torchvision://resnet50 
 
05/12 16:23:51 - mmengine - INFO - 
layer4.0.bn3.weight - torch.Size([2048]): 
PretrainedInit: load from torchvision://resnet50 
 
05/12 16:23:51 - mmengine - INFO - 
layer4.0.bn3.bias - torch.Size([2048]): 
PretrainedInit: load from torchvision://resnet50 
 
05/12 16:23:51 - mmengine - INFO - 
layer4.0.downsample.0.weight - torch.Size([2048, 1024, 1, 1]): 
PretrainedInit: load from torchvision://resnet50 
 
05/12 16:23:51 - mmengine - INFO - 
layer4.0.downsample.1.weight - torch.Size([2048]): 
PretrainedInit: load from torchvision://resnet50 
 
05/12 16:23:51 - mmengine - INFO - 
layer4.0.downsample.1.bias - torch.Size([2048]): 
PretrainedInit: load from torchvision://resnet50 
 
05/12 16:23:51 - mmengine - INFO - 
layer4.1.conv1.weight - torch.Size([512, 2048, 1, 1]): 
PretrainedInit: load from torchvision://resnet50 
 
05/12 16:23:51 - mmengine - INFO - 
layer4.1.bn1.weight - torch.Size([512]): 
PretrainedInit: load from torchvision://resnet50 
 
05/12 16:23:51 - mmengine - INFO - 
layer4.1.bn1.bias - torch.Size([512]): 
PretrainedInit: load from torchvision://resnet50 
 
05/12 16:23:51 - mmengine - INFO - 
layer4.1.conv2.weight - torch.Size([512, 512, 3, 3]): 
PretrainedInit: load from torchvision://resnet50 
 
05/12 16:23:51 - mmengine - INFO - 
layer4.1.bn2.weight - torch.Size([512]): 
PretrainedInit: load from torchvision://resnet50 
 
05/12 16:23:51 - mmengine - INFO - 
layer4.1.bn2.bias - torch.Size([512]): 
PretrainedInit: load from torchvision://resnet50 
 
05/12 16:23:51 - mmengine - INFO - 
layer4.1.conv3.weight - torch.Size([2048, 512, 1, 1]): 
PretrainedInit: load from torchvision://resnet50 
 
05/12 16:23:51 - mmengine - INFO - 
layer4.1.bn3.weight - torch.Size([2048]): 
PretrainedInit: load from torchvision://resnet50 
 
05/12 16:23:51 - mmengine - INFO - 
layer4.1.bn3.bias - torch.Size([2048]): 
PretrainedInit: load from torchvision://resnet50 
 
05/12 16:23:51 - mmengine - INFO - 
layer4.2.conv1.weight - torch.Size([512, 2048, 1, 1]): 
PretrainedInit: load from torchvision://resnet50 
 
05/12 16:23:51 - mmengine - INFO - 
layer4.2.bn1.weight - torch.Size([512]): 
PretrainedInit: load from torchvision://resnet50 
 
05/12 16:23:51 - mmengine - INFO - 
layer4.2.bn1.bias - torch.Size([512]): 
PretrainedInit: load from torchvision://resnet50 
 
05/12 16:23:51 - mmengine - INFO - 
layer4.2.conv2.weight - torch.Size([512, 512, 3, 3]): 
PretrainedInit: load from torchvision://resnet50 
 
05/12 16:23:51 - mmengine - INFO - 
layer4.2.bn2.weight - torch.Size([512]): 
PretrainedInit: load from torchvision://resnet50 
 
05/12 16:23:51 - mmengine - INFO - 
layer4.2.bn2.bias - torch.Size([512]): 
PretrainedInit: load from torchvision://resnet50 
 
05/12 16:23:51 - mmengine - INFO - 
layer4.2.conv3.weight - torch.Size([2048, 512, 1, 1]): 
PretrainedInit: load from torchvision://resnet50 
 
05/12 16:23:51 - mmengine - INFO - 
layer4.2.bn3.weight - torch.Size([2048]): 
PretrainedInit: load from torchvision://resnet50 
 
05/12 16:23:51 - mmengine - INFO - 
layer4.2.bn3.bias - torch.Size([2048]): 
PretrainedInit: load from torchvision://resnet50 
 
05/12 16:23:51 - mmengine - INFO - 
lateral_convs.0.conv.weight - torch.Size([768, 256, 1, 1]): 
XavierInit: gain=1, distribution=uniform, bias=0 
 
05/12 16:23:51 - mmengine - INFO - 
lateral_convs.0.conv.bias - torch.Size([768]): 
The value is the same before and after calling `init_weights` of FPN  
 
05/12 16:23:51 - mmengine - INFO - 
lateral_convs.1.conv.weight - torch.Size([768, 512, 1, 1]): 
XavierInit: gain=1, distribution=uniform, bias=0 
 
05/12 16:23:51 - mmengine - INFO - 
lateral_convs.1.conv.bias - torch.Size([768]): 
The value is the same before and after calling `init_weights` of FPN  
 
05/12 16:23:51 - mmengine - INFO - 
lateral_convs.2.conv.weight - torch.Size([768, 1024, 1, 1]): 
XavierInit: gain=1, distribution=uniform, bias=0 
 
05/12 16:23:51 - mmengine - INFO - 
lateral_convs.2.conv.bias - torch.Size([768]): 
The value is the same before and after calling `init_weights` of FPN  
 
05/12 16:23:51 - mmengine - INFO - 
lateral_convs.3.conv.weight - torch.Size([768, 2048, 1, 1]): 
XavierInit: gain=1, distribution=uniform, bias=0 
 
05/12 16:23:51 - mmengine - INFO - 
lateral_convs.3.conv.bias - torch.Size([768]): 
The value is the same before and after calling `init_weights` of FPN  
 
05/12 16:23:51 - mmengine - INFO - 
fpn_convs.0.conv.weight - torch.Size([768, 768, 3, 3]): 
XavierInit: gain=1, distribution=uniform, bias=0 
 
05/12 16:23:51 - mmengine - INFO - 
fpn_convs.0.conv.bias - torch.Size([768]): 
The value is the same before and after calling `init_weights` of FPN  
 
05/12 16:23:51 - mmengine - INFO - 
fpn_convs.1.conv.weight - torch.Size([768, 768, 3, 3]): 
XavierInit: gain=1, distribution=uniform, bias=0 
 
05/12 16:23:51 - mmengine - INFO - 
fpn_convs.1.conv.bias - torch.Size([768]): 
The value is the same before and after calling `init_weights` of FPN  
 
05/12 16:23:51 - mmengine - INFO - 
fpn_convs.2.conv.weight - torch.Size([768, 768, 3, 3]): 
XavierInit: gain=1, distribution=uniform, bias=0 
 
05/12 16:23:51 - mmengine - INFO - 
fpn_convs.2.conv.bias - torch.Size([768]): 
The value is the same before and after calling `init_weights` of FPN  
 
05/12 16:23:51 - mmengine - INFO - 
fpn_convs.3.conv.weight - torch.Size([768, 768, 3, 3]): 
XavierInit: gain=1, distribution=uniform, bias=0 
 
05/12 16:23:51 - mmengine - INFO - 
fpn_convs.3.conv.bias - torch.Size([768]): 
The value is the same before and after calling `init_weights` of FPN  
 
    backbone: 47.5 M trainable, segmentor: 60.5 M trainable, total: 108.0 M
[3/4] Building optimizer (AdamW, lr=4e-4, backbone ×0.25)…
    DEPTH-ONLY (--depth-only): λ=(0, 1, 0), L_depth at dt=0 only, no warps, no RGB (paper Table 3 ablation 1).
      trains: child {offset,scale,rotation,opacity}, parent {offset,opacity}.
      does NOT train: velocity (no warps → no grad path).
    mixed precision: ENABLED (bf16 autocast)
[4/4] Training for 500 iters…

  iter |   total |  L_den |  L_dep |  L_rgb |    t0/-/+  depth     |     t0/-/+  rgb     |  ‖∂v‖   |   lr   | sec | mem MB
  -----+---------+--------+--------+--------+----------------------+----------------------+---------+--------+-----+-------
