Loading 1 sequence with T=1 (single frame)…
Building backbone + T=1 segmentor (paper-spec arch)…
05/12 12:43:24 - mmengine - INFO - load model from: torchvision://resnet50
05/12 12:43:24 - mmengine - INFO - Loads checkpoint by torchvision backend from path: torchvision://resnet50
05/12 12:43:24 - mmengine - WARNING - The model and loaded state dict do not match exactly

unexpected key in source state_dict: fc.weight, fc.bias

05/12 12:43:24 - mmengine - INFO - 
conv1.weight - torch.Size([64, 3, 7, 7]): 
PretrainedInit: load from torchvision://resnet50 
 
05/12 12:43:24 - mmengine - INFO - 
bn1.weight - torch.Size([64]): 
PretrainedInit: load from torchvision://resnet50 
 
05/12 12:43:24 - mmengine - INFO - 
bn1.bias - torch.Size([64]): 
PretrainedInit: load from torchvision://resnet50 
 
05/12 12:43:24 - mmengine - INFO - 
layer1.0.conv1.weight - torch.Size([64, 64, 1, 1]): 
PretrainedInit: load from torchvision://resnet50 
 
05/12 12:43:24 - mmengine - INFO - 
layer1.0.bn1.weight - torch.Size([64]): 
PretrainedInit: load from torchvision://resnet50 
 
05/12 12:43:24 - mmengine - INFO - 
layer1.0.bn1.bias - torch.Size([64]): 
PretrainedInit: load from torchvision://resnet50 
 
05/12 12:43:24 - mmengine - INFO - 
layer1.0.conv2.weight - torch.Size([64, 64, 3, 3]): 
PretrainedInit: load from torchvision://resnet50 
 
05/12 12:43:24 - mmengine - INFO - 
layer1.0.bn2.weight - torch.Size([64]): 
PretrainedInit: load from torchvision://resnet50 
 
05/12 12:43:24 - mmengine - INFO - 
layer1.0.bn2.bias - torch.Size([64]): 
PretrainedInit: load from torchvision://resnet50 
 
05/12 12:43:24 - mmengine - INFO - 
layer1.0.conv3.weight - torch.Size([256, 64, 1, 1]): 
PretrainedInit: load from torchvision://resnet50 
 
05/12 12:43:24 - mmengine - INFO - 
layer1.0.bn3.weight - torch.Size([256]): 
PretrainedInit: load from torchvision://resnet50 
 
05/12 12:43:24 - mmengine - INFO - 
layer1.0.bn3.bias - torch.Size([256]): 
PretrainedInit: load from torchvision://resnet50 
 
05/12 12:43:24 - mmengine - INFO - 
layer1.0.downsample.0.weight - torch.Size([256, 64, 1, 1]): 
PretrainedInit: load from torchvision://resnet50 
 
05/12 12:43:24 - mmengine - INFO - 
layer1.0.downsample.1.weight - torch.Size([256]): 
PretrainedInit: load from torchvision://resnet50 
 
05/12 12:43:24 - mmengine - INFO - 
layer1.0.downsample.1.bias - torch.Size([256]): 
PretrainedInit: load from torchvision://resnet50 
 
05/12 12:43:24 - mmengine - INFO - 
layer1.1.conv1.weight - torch.Size([64, 256, 1, 1]): 
PretrainedInit: load from torchvision://resnet50 
 
05/12 12:43:24 - mmengine - INFO - 
layer1.1.bn1.weight - torch.Size([64]): 
PretrainedInit: load from torchvision://resnet50 
 
05/12 12:43:24 - mmengine - INFO - 
layer1.1.bn1.bias - torch.Size([64]): 
PretrainedInit: load from torchvision://resnet50 
 
05/12 12:43:24 - mmengine - INFO - 
layer1.1.conv2.weight - torch.Size([64, 64, 3, 3]): 
PretrainedInit: load from torchvision://resnet50 
 
05/12 12:43:24 - mmengine - INFO - 
layer1.1.bn2.weight - torch.Size([64]): 
PretrainedInit: load from torchvision://resnet50 
 
05/12 12:43:24 - mmengine - INFO - 
layer1.1.bn2.bias - torch.Size([64]): 
PretrainedInit: load from torchvision://resnet50 
 
05/12 12:43:24 - mmengine - INFO - 
layer1.1.conv3.weight - torch.Size([256, 64, 1, 1]): 
PretrainedInit: load from torchvision://resnet50 
 
05/12 12:43:24 - mmengine - INFO - 
layer1.1.bn3.weight - torch.Size([256]): 
PretrainedInit: load from torchvision://resnet50 
 
05/12 12:43:24 - mmengine - INFO - 
layer1.1.bn3.bias - torch.Size([256]): 
PretrainedInit: load from torchvision://resnet50 
 
05/12 12:43:24 - mmengine - INFO - 
layer1.2.conv1.weight - torch.Size([64, 256, 1, 1]): 
PretrainedInit: load from torchvision://resnet50 
 
05/12 12:43:24 - mmengine - INFO - 
layer1.2.bn1.weight - torch.Size([64]): 
PretrainedInit: load from torchvision://resnet50 
 
05/12 12:43:24 - mmengine - INFO - 
layer1.2.bn1.bias - torch.Size([64]): 
PretrainedInit: load from torchvision://resnet50 
 
05/12 12:43:24 - mmengine - INFO - 
layer1.2.conv2.weight - torch.Size([64, 64, 3, 3]): 
PretrainedInit: load from torchvision://resnet50 
 
05/12 12:43:24 - mmengine - INFO - 
layer1.2.bn2.weight - torch.Size([64]): 
PretrainedInit: load from torchvision://resnet50 
 
05/12 12:43:24 - mmengine - INFO - 
layer1.2.bn2.bias - torch.Size([64]): 
PretrainedInit: load from torchvision://resnet50 
 
05/12 12:43:24 - mmengine - INFO - 
layer1.2.conv3.weight - torch.Size([256, 64, 1, 1]): 
PretrainedInit: load from torchvision://resnet50 
 
05/12 12:43:24 - mmengine - INFO - 
layer1.2.bn3.weight - torch.Size([256]): 
PretrainedInit: load from torchvision://resnet50 
 
05/12 12:43:24 - mmengine - INFO - 
layer1.2.bn3.bias - torch.Size([256]): 
PretrainedInit: load from torchvision://resnet50 
 
05/12 12:43:24 - mmengine - INFO - 
layer2.0.conv1.weight - torch.Size([128, 256, 1, 1]): 
PretrainedInit: load from torchvision://resnet50 
 
05/12 12:43:24 - mmengine - INFO - 
layer2.0.bn1.weight - torch.Size([128]): 
PretrainedInit: load from torchvision://resnet50 
 
05/12 12:43:24 - mmengine - INFO - 
layer2.0.bn1.bias - torch.Size([128]): 
PretrainedInit: load from torchvision://resnet50 
 
05/12 12:43:24 - mmengine - INFO - 
layer2.0.conv2.weight - torch.Size([128, 128, 3, 3]): 
PretrainedInit: load from torchvision://resnet50 
 
05/12 12:43:24 - mmengine - INFO - 
layer2.0.bn2.weight - torch.Size([128]): 
PretrainedInit: load from torchvision://resnet50 
 
05/12 12:43:24 - mmengine - INFO - 
layer2.0.bn2.bias - torch.Size([128]): 
PretrainedInit: load from torchvision://resnet50 
 
05/12 12:43:24 - mmengine - INFO - 
layer2.0.conv3.weight - torch.Size([512, 128, 1, 1]): 
PretrainedInit: load from torchvision://resnet50 
 
05/12 12:43:24 - mmengine - INFO - 
layer2.0.bn3.weight - torch.Size([512]): 
PretrainedInit: load from torchvision://resnet50 
 
05/12 12:43:24 - mmengine - INFO - 
layer2.0.bn3.bias - torch.Size([512]): 
PretrainedInit: load from torchvision://resnet50 
 
05/12 12:43:24 - mmengine - INFO - 
layer2.0.downsample.0.weight - torch.Size([512, 256, 1, 1]): 
PretrainedInit: load from torchvision://resnet50 
 
05/12 12:43:24 - mmengine - INFO - 
layer2.0.downsample.1.weight - torch.Size([512]): 
PretrainedInit: load from torchvision://resnet50 
 
05/12 12:43:24 - mmengine - INFO - 
layer2.0.downsample.1.bias - torch.Size([512]): 
PretrainedInit: load from torchvision://resnet50 
 
05/12 12:43:24 - mmengine - INFO - 
layer2.1.conv1.weight - torch.Size([128, 512, 1, 1]): 
PretrainedInit: load from torchvision://resnet50 
 
05/12 12:43:24 - mmengine - INFO - 
layer2.1.bn1.weight - torch.Size([128]): 
PretrainedInit: load from torchvision://resnet50 
 
05/12 12:43:24 - mmengine - INFO - 
layer2.1.bn1.bias - torch.Size([128]): 
PretrainedInit: load from torchvision://resnet50 
 
05/12 12:43:24 - mmengine - INFO - 
layer2.1.conv2.weight - torch.Size([128, 128, 3, 3]): 
PretrainedInit: load from torchvision://resnet50 
 
05/12 12:43:24 - mmengine - INFO - 
layer2.1.bn2.weight - torch.Size([128]): 
PretrainedInit: load from torchvision://resnet50 
 
05/12 12:43:24 - mmengine - INFO - 
layer2.1.bn2.bias - torch.Size([128]): 
PretrainedInit: load from torchvision://resnet50 
 
05/12 12:43:24 - mmengine - INFO - 
layer2.1.conv3.weight - torch.Size([512, 128, 1, 1]): 
PretrainedInit: load from torchvision://resnet50 
 
05/12 12:43:24 - mmengine - INFO - 
layer2.1.bn3.weight - torch.Size([512]): 
PretrainedInit: load from torchvision://resnet50 
 
05/12 12:43:24 - mmengine - INFO - 
layer2.1.bn3.bias - torch.Size([512]): 
PretrainedInit: load from torchvision://resnet50 
 
05/12 12:43:24 - mmengine - INFO - 
layer2.2.conv1.weight - torch.Size([128, 512, 1, 1]): 
PretrainedInit: load from torchvision://resnet50 
 
05/12 12:43:24 - mmengine - INFO - 
layer2.2.bn1.weight - torch.Size([128]): 
PretrainedInit: load from torchvision://resnet50 
 
05/12 12:43:24 - mmengine - INFO - 
layer2.2.bn1.bias - torch.Size([128]): 
PretrainedInit: load from torchvision://resnet50 
 
05/12 12:43:24 - mmengine - INFO - 
layer2.2.conv2.weight - torch.Size([128, 128, 3, 3]): 
PretrainedInit: load from torchvision://resnet50 
 
05/12 12:43:24 - mmengine - INFO - 
layer2.2.bn2.weight - torch.Size([128]): 
PretrainedInit: load from torchvision://resnet50 
 
05/12 12:43:24 - mmengine - INFO - 
layer2.2.bn2.bias - torch.Size([128]): 
PretrainedInit: load from torchvision://resnet50 
 
05/12 12:43:24 - mmengine - INFO - 
layer2.2.conv3.weight - torch.Size([512, 128, 1, 1]): 
PretrainedInit: load from torchvision://resnet50 
 
05/12 12:43:24 - mmengine - INFO - 
layer2.2.bn3.weight - torch.Size([512]): 
PretrainedInit: load from torchvision://resnet50 
 
05/12 12:43:24 - mmengine - INFO - 
layer2.2.bn3.bias - torch.Size([512]): 
PretrainedInit: load from torchvision://resnet50 
 
05/12 12:43:24 - mmengine - INFO - 
layer2.3.conv1.weight - torch.Size([128, 512, 1, 1]): 
PretrainedInit: load from torchvision://resnet50 
 
05/12 12:43:24 - mmengine - INFO - 
layer2.3.bn1.weight - torch.Size([128]): 
PretrainedInit: load from torchvision://resnet50 
 
05/12 12:43:24 - mmengine - INFO - 
layer2.3.bn1.bias - torch.Size([128]): 
PretrainedInit: load from torchvision://resnet50 
 
05/12 12:43:24 - mmengine - INFO - 
layer2.3.conv2.weight - torch.Size([128, 128, 3, 3]): 
PretrainedInit: load from torchvision://resnet50 
 
05/12 12:43:24 - mmengine - INFO - 
layer2.3.bn2.weight - torch.Size([128]): 
PretrainedInit: load from torchvision://resnet50 
 
05/12 12:43:24 - mmengine - INFO - 
layer2.3.bn2.bias - torch.Size([128]): 
PretrainedInit: load from torchvision://resnet50 
 
05/12 12:43:24 - mmengine - INFO - 
layer2.3.conv3.weight - torch.Size([512, 128, 1, 1]): 
PretrainedInit: load from torchvision://resnet50 
 
05/12 12:43:24 - mmengine - INFO - 
layer2.3.bn3.weight - torch.Size([512]): 
PretrainedInit: load from torchvision://resnet50 
 
05/12 12:43:24 - mmengine - INFO - 
layer2.3.bn3.bias - torch.Size([512]): 
PretrainedInit: load from torchvision://resnet50 
 
05/12 12:43:24 - mmengine - INFO - 
layer3.0.conv1.weight - torch.Size([256, 512, 1, 1]): 
PretrainedInit: load from torchvision://resnet50 
 
05/12 12:43:24 - mmengine - INFO - 
layer3.0.bn1.weight - torch.Size([256]): 
PretrainedInit: load from torchvision://resnet50 
 
05/12 12:43:24 - mmengine - INFO - 
layer3.0.bn1.bias - torch.Size([256]): 
PretrainedInit: load from torchvision://resnet50 
 
05/12 12:43:24 - mmengine - INFO - 
layer3.0.conv2.weight - torch.Size([256, 256, 3, 3]): 
PretrainedInit: load from torchvision://resnet50 
 
05/12 12:43:24 - mmengine - INFO - 
layer3.0.bn2.weight - torch.Size([256]): 
PretrainedInit: load from torchvision://resnet50 
 
05/12 12:43:24 - mmengine - INFO - 
layer3.0.bn2.bias - torch.Size([256]): 
PretrainedInit: load from torchvision://resnet50 
 
05/12 12:43:24 - mmengine - INFO - 
layer3.0.conv3.weight - torch.Size([1024, 256, 1, 1]): 
PretrainedInit: load from torchvision://resnet50 
 
05/12 12:43:24 - mmengine - INFO - 
layer3.0.bn3.weight - torch.Size([1024]): 
PretrainedInit: load from torchvision://resnet50 
 
05/12 12:43:24 - mmengine - INFO - 
layer3.0.bn3.bias - torch.Size([1024]): 
PretrainedInit: load from torchvision://resnet50 
 
05/12 12:43:24 - mmengine - INFO - 
layer3.0.downsample.0.weight - torch.Size([1024, 512, 1, 1]): 
PretrainedInit: load from torchvision://resnet50 
 
05/12 12:43:24 - mmengine - INFO - 
layer3.0.downsample.1.weight - torch.Size([1024]): 
PretrainedInit: load from torchvision://resnet50 
 
05/12 12:43:24 - mmengine - INFO - 
layer3.0.downsample.1.bias - torch.Size([1024]): 
PretrainedInit: load from torchvision://resnet50 
 
05/12 12:43:24 - mmengine - INFO - 
layer3.1.conv1.weight - torch.Size([256, 1024, 1, 1]): 
PretrainedInit: load from torchvision://resnet50 
 
05/12 12:43:24 - mmengine - INFO - 
layer3.1.bn1.weight - torch.Size([256]): 
PretrainedInit: load from torchvision://resnet50 
 
05/12 12:43:24 - mmengine - INFO - 
layer3.1.bn1.bias - torch.Size([256]): 
PretrainedInit: load from torchvision://resnet50 
 
05/12 12:43:24 - mmengine - INFO - 
layer3.1.conv2.weight - torch.Size([256, 256, 3, 3]): 
PretrainedInit: load from torchvision://resnet50 
 
05/12 12:43:24 - mmengine - INFO - 
layer3.1.bn2.weight - torch.Size([256]): 
PretrainedInit: load from torchvision://resnet50 
 
05/12 12:43:24 - mmengine - INFO - 
layer3.1.bn2.bias - torch.Size([256]): 
PretrainedInit: load from torchvision://resnet50 
 
05/12 12:43:24 - mmengine - INFO - 
layer3.1.conv3.weight - torch.Size([1024, 256, 1, 1]): 
PretrainedInit: load from torchvision://resnet50 
 
05/12 12:43:24 - mmengine - INFO - 
layer3.1.bn3.weight - torch.Size([1024]): 
PretrainedInit: load from torchvision://resnet50 
 
05/12 12:43:24 - mmengine - INFO - 
layer3.1.bn3.bias - torch.Size([1024]): 
PretrainedInit: load from torchvision://resnet50 
 
05/12 12:43:24 - mmengine - INFO - 
layer3.2.conv1.weight - torch.Size([256, 1024, 1, 1]): 
PretrainedInit: load from torchvision://resnet50 
 
05/12 12:43:24 - mmengine - INFO - 
layer3.2.bn1.weight - torch.Size([256]): 
PretrainedInit: load from torchvision://resnet50 
 
05/12 12:43:24 - mmengine - INFO - 
layer3.2.bn1.bias - torch.Size([256]): 
PretrainedInit: load from torchvision://resnet50 
 
05/12 12:43:24 - mmengine - INFO - 
layer3.2.conv2.weight - torch.Size([256, 256, 3, 3]): 
PretrainedInit: load from torchvision://resnet50 
 
05/12 12:43:24 - mmengine - INFO - 
layer3.2.bn2.weight - torch.Size([256]): 
PretrainedInit: load from torchvision://resnet50 
 
05/12 12:43:24 - mmengine - INFO - 
layer3.2.bn2.bias - torch.Size([256]): 
PretrainedInit: load from torchvision://resnet50 
 
05/12 12:43:24 - mmengine - INFO - 
layer3.2.conv3.weight - torch.Size([1024, 256, 1, 1]): 
PretrainedInit: load from torchvision://resnet50 
 
05/12 12:43:24 - mmengine - INFO - 
layer3.2.bn3.weight - torch.Size([1024]): 
PretrainedInit: load from torchvision://resnet50 
 
05/12 12:43:24 - mmengine - INFO - 
layer3.2.bn3.bias - torch.Size([1024]): 
PretrainedInit: load from torchvision://resnet50 
 
05/12 12:43:24 - mmengine - INFO - 
layer3.3.conv1.weight - torch.Size([256, 1024, 1, 1]): 
PretrainedInit: load from torchvision://resnet50 
 
05/12 12:43:24 - mmengine - INFO - 
layer3.3.bn1.weight - torch.Size([256]): 
PretrainedInit: load from torchvision://resnet50 
 
05/12 12:43:24 - mmengine - INFO - 
layer3.3.bn1.bias - torch.Size([256]): 
PretrainedInit: load from torchvision://resnet50 
 
05/12 12:43:24 - mmengine - INFO - 
layer3.3.conv2.weight - torch.Size([256, 256, 3, 3]): 
PretrainedInit: load from torchvision://resnet50 
 
05/12 12:43:24 - mmengine - INFO - 
layer3.3.bn2.weight - torch.Size([256]): 
PretrainedInit: load from torchvision://resnet50 
 
05/12 12:43:24 - mmengine - INFO - 
layer3.3.bn2.bias - torch.Size([256]): 
PretrainedInit: load from torchvision://resnet50 
 
05/12 12:43:24 - mmengine - INFO - 
layer3.3.conv3.weight - torch.Size([1024, 256, 1, 1]): 
PretrainedInit: load from torchvision://resnet50 
 
05/12 12:43:24 - mmengine - INFO - 
layer3.3.bn3.weight - torch.Size([1024]): 
PretrainedInit: load from torchvision://resnet50 
 
05/12 12:43:24 - mmengine - INFO - 
layer3.3.bn3.bias - torch.Size([1024]): 
PretrainedInit: load from torchvision://resnet50 
 
05/12 12:43:24 - mmengine - INFO - 
layer3.4.conv1.weight - torch.Size([256, 1024, 1, 1]): 
PretrainedInit: load from torchvision://resnet50 
 
05/12 12:43:24 - mmengine - INFO - 
layer3.4.bn1.weight - torch.Size([256]): 
PretrainedInit: load from torchvision://resnet50 
 
05/12 12:43:24 - mmengine - INFO - 
layer3.4.bn1.bias - torch.Size([256]): 
PretrainedInit: load from torchvision://resnet50 
 
05/12 12:43:24 - mmengine - INFO - 
layer3.4.conv2.weight - torch.Size([256, 256, 3, 3]): 
PretrainedInit: load from torchvision://resnet50 
 
05/12 12:43:24 - mmengine - INFO - 
layer3.4.bn2.weight - torch.Size([256]): 
PretrainedInit: load from torchvision://resnet50 
 
05/12 12:43:24 - mmengine - INFO - 
layer3.4.bn2.bias - torch.Size([256]): 
PretrainedInit: load from torchvision://resnet50 
 
05/12 12:43:24 - mmengine - INFO - 
layer3.4.conv3.weight - torch.Size([1024, 256, 1, 1]): 
PretrainedInit: load from torchvision://resnet50 
 
05/12 12:43:24 - mmengine - INFO - 
layer3.4.bn3.weight - torch.Size([1024]): 
PretrainedInit: load from torchvision://resnet50 
 
05/12 12:43:24 - mmengine - INFO - 
layer3.4.bn3.bias - torch.Size([1024]): 
PretrainedInit: load from torchvision://resnet50 
 
05/12 12:43:24 - mmengine - INFO - 
layer3.5.conv1.weight - torch.Size([256, 1024, 1, 1]): 
PretrainedInit: load from torchvision://resnet50 
 
05/12 12:43:24 - mmengine - INFO - 
layer3.5.bn1.weight - torch.Size([256]): 
PretrainedInit: load from torchvision://resnet50 
 
05/12 12:43:24 - mmengine - INFO - 
layer3.5.bn1.bias - torch.Size([256]): 
PretrainedInit: load from torchvision://resnet50 
 
05/12 12:43:24 - mmengine - INFO - 
layer3.5.conv2.weight - torch.Size([256, 256, 3, 3]): 
PretrainedInit: load from torchvision://resnet50 
 
05/12 12:43:24 - mmengine - INFO - 
layer3.5.bn2.weight - torch.Size([256]): 
PretrainedInit: load from torchvision://resnet50 
 
05/12 12:43:24 - mmengine - INFO - 
layer3.5.bn2.bias - torch.Size([256]): 
PretrainedInit: load from torchvision://resnet50 
 
05/12 12:43:24 - mmengine - INFO - 
layer3.5.conv3.weight - torch.Size([1024, 256, 1, 1]): 
PretrainedInit: load from torchvision://resnet50 
 
05/12 12:43:24 - mmengine - INFO - 
layer3.5.bn3.weight - torch.Size([1024]): 
PretrainedInit: load from torchvision://resnet50 
 
05/12 12:43:24 - mmengine - INFO - 
layer3.5.bn3.bias - torch.Size([1024]): 
PretrainedInit: load from torchvision://resnet50 
 
05/12 12:43:24 - mmengine - INFO - 
layer4.0.conv1.weight - torch.Size([512, 1024, 1, 1]): 
PretrainedInit: load from torchvision://resnet50 
 
05/12 12:43:24 - mmengine - INFO - 
layer4.0.bn1.weight - torch.Size([512]): 
PretrainedInit: load from torchvision://resnet50 
 
05/12 12:43:24 - mmengine - INFO - 
layer4.0.bn1.bias - torch.Size([512]): 
PretrainedInit: load from torchvision://resnet50 
 
05/12 12:43:24 - mmengine - INFO - 
layer4.0.conv2.weight - torch.Size([512, 512, 3, 3]): 
PretrainedInit: load from torchvision://resnet50 
 
05/12 12:43:24 - mmengine - INFO - 
layer4.0.bn2.weight - torch.Size([512]): 
PretrainedInit: load from torchvision://resnet50 
 
05/12 12:43:24 - mmengine - INFO - 
layer4.0.bn2.bias - torch.Size([512]): 
PretrainedInit: load from torchvision://resnet50 
 
05/12 12:43:24 - mmengine - INFO - 
layer4.0.conv3.weight - torch.Size([2048, 512, 1, 1]): 
PretrainedInit: load from torchvision://resnet50 
 
05/12 12:43:24 - mmengine - INFO - 
layer4.0.bn3.weight - torch.Size([2048]): 
PretrainedInit: load from torchvision://resnet50 
 
05/12 12:43:24 - mmengine - INFO - 
layer4.0.bn3.bias - torch.Size([2048]): 
PretrainedInit: load from torchvision://resnet50 
 
05/12 12:43:24 - mmengine - INFO - 
layer4.0.downsample.0.weight - torch.Size([2048, 1024, 1, 1]): 
PretrainedInit: load from torchvision://resnet50 
 
05/12 12:43:24 - mmengine - INFO - 
layer4.0.downsample.1.weight - torch.Size([2048]): 
PretrainedInit: load from torchvision://resnet50 
 
05/12 12:43:24 - mmengine - INFO - 
layer4.0.downsample.1.bias - torch.Size([2048]): 
PretrainedInit: load from torchvision://resnet50 
 
05/12 12:43:24 - mmengine - INFO - 
layer4.1.conv1.weight - torch.Size([512, 2048, 1, 1]): 
PretrainedInit: load from torchvision://resnet50 
 
05/12 12:43:24 - mmengine - INFO - 
layer4.1.bn1.weight - torch.Size([512]): 
PretrainedInit: load from torchvision://resnet50 
 
05/12 12:43:24 - mmengine - INFO - 
layer4.1.bn1.bias - torch.Size([512]): 
PretrainedInit: load from torchvision://resnet50 
 
05/12 12:43:24 - mmengine - INFO - 
layer4.1.conv2.weight - torch.Size([512, 512, 3, 3]): 
PretrainedInit: load from torchvision://resnet50 
 
05/12 12:43:24 - mmengine - INFO - 
layer4.1.bn2.weight - torch.Size([512]): 
PretrainedInit: load from torchvision://resnet50 
 
05/12 12:43:24 - mmengine - INFO - 
layer4.1.bn2.bias - torch.Size([512]): 
PretrainedInit: load from torchvision://resnet50 
 
05/12 12:43:24 - mmengine - INFO - 
layer4.1.conv3.weight - torch.Size([2048, 512, 1, 1]): 
PretrainedInit: load from torchvision://resnet50 
 
05/12 12:43:24 - mmengine - INFO - 
layer4.1.bn3.weight - torch.Size([2048]): 
PretrainedInit: load from torchvision://resnet50 
 
05/12 12:43:24 - mmengine - INFO - 
layer4.1.bn3.bias - torch.Size([2048]): 
PretrainedInit: load from torchvision://resnet50 
 
05/12 12:43:24 - mmengine - INFO - 
layer4.2.conv1.weight - torch.Size([512, 2048, 1, 1]): 
PretrainedInit: load from torchvision://resnet50 
 
05/12 12:43:24 - mmengine - INFO - 
layer4.2.bn1.weight - torch.Size([512]): 
PretrainedInit: load from torchvision://resnet50 
 
05/12 12:43:24 - mmengine - INFO - 
layer4.2.bn1.bias - torch.Size([512]): 
PretrainedInit: load from torchvision://resnet50 
 
05/12 12:43:24 - mmengine - INFO - 
layer4.2.conv2.weight - torch.Size([512, 512, 3, 3]): 
PretrainedInit: load from torchvision://resnet50 
 
05/12 12:43:24 - mmengine - INFO - 
layer4.2.bn2.weight - torch.Size([512]): 
PretrainedInit: load from torchvision://resnet50 
 
05/12 12:43:24 - mmengine - INFO - 
layer4.2.bn2.bias - torch.Size([512]): 
PretrainedInit: load from torchvision://resnet50 
 
05/12 12:43:24 - mmengine - INFO - 
layer4.2.conv3.weight - torch.Size([2048, 512, 1, 1]): 
PretrainedInit: load from torchvision://resnet50 
 
05/12 12:43:24 - mmengine - INFO - 
layer4.2.bn3.weight - torch.Size([2048]): 
PretrainedInit: load from torchvision://resnet50 
 
05/12 12:43:24 - mmengine - INFO - 
layer4.2.bn3.bias - torch.Size([2048]): 
PretrainedInit: load from torchvision://resnet50 
 
05/12 12:43:24 - mmengine - INFO - 
lateral_convs.0.conv.weight - torch.Size([768, 256, 1, 1]): 
XavierInit: gain=1, distribution=uniform, bias=0 
 
05/12 12:43:24 - mmengine - INFO - 
lateral_convs.0.conv.bias - torch.Size([768]): 
The value is the same before and after calling `init_weights` of FPN  
 
05/12 12:43:24 - mmengine - INFO - 
lateral_convs.1.conv.weight - torch.Size([768, 512, 1, 1]): 
XavierInit: gain=1, distribution=uniform, bias=0 
 
05/12 12:43:24 - mmengine - INFO - 
lateral_convs.1.conv.bias - torch.Size([768]): 
The value is the same before and after calling `init_weights` of FPN  
 
05/12 12:43:24 - mmengine - INFO - 
lateral_convs.2.conv.weight - torch.Size([768, 1024, 1, 1]): 
XavierInit: gain=1, distribution=uniform, bias=0 
 
05/12 12:43:24 - mmengine - INFO - 
lateral_convs.2.conv.bias - torch.Size([768]): 
The value is the same before and after calling `init_weights` of FPN  
 
05/12 12:43:24 - mmengine - INFO - 
lateral_convs.3.conv.weight - torch.Size([768, 2048, 1, 1]): 
XavierInit: gain=1, distribution=uniform, bias=0 
 
05/12 12:43:24 - mmengine - INFO - 
lateral_convs.3.conv.bias - torch.Size([768]): 
The value is the same before and after calling `init_weights` of FPN  
 
05/12 12:43:24 - mmengine - INFO - 
fpn_convs.0.conv.weight - torch.Size([768, 768, 3, 3]): 
XavierInit: gain=1, distribution=uniform, bias=0 
 
05/12 12:43:24 - mmengine - INFO - 
fpn_convs.0.conv.bias - torch.Size([768]): 
The value is the same before and after calling `init_weights` of FPN  
 
05/12 12:43:24 - mmengine - INFO - 
fpn_convs.1.conv.weight - torch.Size([768, 768, 3, 3]): 
XavierInit: gain=1, distribution=uniform, bias=0 
 
05/12 12:43:24 - mmengine - INFO - 
fpn_convs.1.conv.bias - torch.Size([768]): 
The value is the same before and after calling `init_weights` of FPN  
 
05/12 12:43:24 - mmengine - INFO - 
fpn_convs.2.conv.weight - torch.Size([768, 768, 3, 3]): 
XavierInit: gain=1, distribution=uniform, bias=0 
 
05/12 12:43:24 - mmengine - INFO - 
fpn_convs.2.conv.bias - torch.Size([768]): 
The value is the same before and after calling `init_weights` of FPN  
 
05/12 12:43:24 - mmengine - INFO - 
fpn_convs.3.conv.weight - torch.Size([768, 768, 3, 3]): 
XavierInit: gain=1, distribution=uniform, bias=0 
 
05/12 12:43:24 - mmengine - INFO - 
fpn_convs.3.conv.bias - torch.Size([768]): 
The value is the same before and after calling `init_weights` of FPN  
 

  iter | L_depth (m) | gnorm_par_off | gnorm_ch_off | gnorm_scale | gnorm_opa | gnorm_velocity | opa_mean | scale_l2 
  -----+-------------+---------------+--------------+-------------+-----------+----------------+----------+----------
     0 |     14.2253 |      1.89e+01 |     1.22e+00 |    3.10e+00 |  1.00e+01 |       0.00e+00 |    0.267 |    2.297
     1 |      8.2647 |      3.15e+01 |     2.27e+00 |    9.06e+00 |  5.86e+01 |       0.00e+00 |    0.153 |    2.042
     2 |      7.7010 |      6.57e+00 |     6.48e-01 |    7.30e+00 |  6.72e+01 |       0.00e+00 |    0.045 |    1.780
     5 |      4.5270 |      2.98e+00 |     4.17e-01 |    2.26e+00 |  6.99e+00 |       0.00e+00 |    0.252 |    1.728
    10 |      3.9253 |      4.39e+00 |     7.43e-01 |    2.24e+00 |  1.12e+01 |       0.00e+00 |    0.227 |    1.617
    25 |      3.0352 |      3.97e+00 |     5.93e-01 |    3.90e+00 |  2.07e+01 |       0.00e+00 |    0.191 |    2.083
    50 |      1.9692 |      3.30e+00 |     5.02e-01 |    1.02e+00 |  4.72e+00 |       0.00e+00 |    0.202 |    2.102
   100 |      1.3421 |      4.38e+00 |     7.41e-01 |    1.53e+00 |  4.63e+00 |       0.00e+00 |    0.302 |    1.966
   150 |      1.1505 |      3.62e+00 |     3.33e-01 |    2.02e+00 |  1.14e+01 |       0.00e+00 |    0.355 |    1.910
   200 |      0.9753 |      6.17e+00 |     4.40e-01 |    2.29e+00 |  1.10e+01 |       0.00e+00 |    0.407 |    1.859
   250 |      0.8230 |      5.59e+00 |     5.06e-01 |    1.23e+00 |  4.16e+00 |       0.00e+00 |    0.439 |    1.840
   300 |      0.7756 |      7.07e+00 |     5.98e-01 |    2.11e+00 |  7.58e+00 |       0.00e+00 |    0.457 |    1.785
   350 |      0.6959 |      7.30e+00 |     7.77e-01 |    2.20e+00 |  5.25e+00 |       0.00e+00 |    0.482 |    1.768
   400 |      0.6622 |      9.77e+00 |     1.33e+00 |    2.68e+00 |  3.18e+00 |       0.00e+00 |    0.506 |    1.745
   450 |      0.6010 |      5.38e+00 |     6.21e-01 |    1.60e+00 |  4.77e+00 |       0.00e+00 |    0.519 |    1.742
   499 |      0.5855 |      8.89e+00 |     1.56e+00 |    1.41e+00 |  4.54e+00 |       0.00e+00 |    0.532 |    1.739

Final L_depth: 0.5855 m  (target: < 0.5 m)
