Stage-1 run — 5000 iters STREAMING from 3376 sequences (≈ 1.5 epochs)

[1/4] Streaming loader (sequences loaded on-demand per iter)…
[2/4] Building model…
05/12 18:20:59 - mmengine - INFO - load model from: torchvision://resnet50
05/12 18:20:59 - mmengine - INFO - Loads checkpoint by torchvision backend from path: torchvision://resnet50
05/12 18:20:59 - mmengine - WARNING - The model and loaded state dict do not match exactly

unexpected key in source state_dict: fc.weight, fc.bias

05/12 18:20:59 - mmengine - INFO - 
conv1.weight - torch.Size([64, 3, 7, 7]): 
PretrainedInit: load from torchvision://resnet50 
 
05/12 18:20:59 - mmengine - INFO - 
bn1.weight - torch.Size([64]): 
PretrainedInit: load from torchvision://resnet50 
 
05/12 18:20:59 - mmengine - INFO - 
bn1.bias - torch.Size([64]): 
PretrainedInit: load from torchvision://resnet50 
 
05/12 18:20:59 - mmengine - INFO - 
layer1.0.conv1.weight - torch.Size([64, 64, 1, 1]): 
PretrainedInit: load from torchvision://resnet50 
 
05/12 18:20:59 - mmengine - INFO - 
layer1.0.bn1.weight - torch.Size([64]): 
PretrainedInit: load from torchvision://resnet50 
 
05/12 18:20:59 - mmengine - INFO - 
layer1.0.bn1.bias - torch.Size([64]): 
PretrainedInit: load from torchvision://resnet50 
 
05/12 18:20:59 - mmengine - INFO - 
layer1.0.conv2.weight - torch.Size([64, 64, 3, 3]): 
PretrainedInit: load from torchvision://resnet50 
 
05/12 18:20:59 - mmengine - INFO - 
layer1.0.bn2.weight - torch.Size([64]): 
PretrainedInit: load from torchvision://resnet50 
 
05/12 18:20:59 - mmengine - INFO - 
layer1.0.bn2.bias - torch.Size([64]): 
PretrainedInit: load from torchvision://resnet50 
 
05/12 18:20:59 - mmengine - INFO - 
layer1.0.conv3.weight - torch.Size([256, 64, 1, 1]): 
PretrainedInit: load from torchvision://resnet50 
 
05/12 18:20:59 - mmengine - INFO - 
layer1.0.bn3.weight - torch.Size([256]): 
PretrainedInit: load from torchvision://resnet50 
 
05/12 18:20:59 - mmengine - INFO - 
layer1.0.bn3.bias - torch.Size([256]): 
PretrainedInit: load from torchvision://resnet50 
 
05/12 18:20:59 - mmengine - INFO - 
layer1.0.downsample.0.weight - torch.Size([256, 64, 1, 1]): 
PretrainedInit: load from torchvision://resnet50 
 
05/12 18:20:59 - mmengine - INFO - 
layer1.0.downsample.1.weight - torch.Size([256]): 
PretrainedInit: load from torchvision://resnet50 
 
05/12 18:20:59 - mmengine - INFO - 
layer1.0.downsample.1.bias - torch.Size([256]): 
PretrainedInit: load from torchvision://resnet50 
 
05/12 18:20:59 - mmengine - INFO - 
layer1.1.conv1.weight - torch.Size([64, 256, 1, 1]): 
PretrainedInit: load from torchvision://resnet50 
 
05/12 18:20:59 - mmengine - INFO - 
layer1.1.bn1.weight - torch.Size([64]): 
PretrainedInit: load from torchvision://resnet50 
 
05/12 18:20:59 - mmengine - INFO - 
layer1.1.bn1.bias - torch.Size([64]): 
PretrainedInit: load from torchvision://resnet50 
 
05/12 18:20:59 - mmengine - INFO - 
layer1.1.conv2.weight - torch.Size([64, 64, 3, 3]): 
PretrainedInit: load from torchvision://resnet50 
 
05/12 18:20:59 - mmengine - INFO - 
layer1.1.bn2.weight - torch.Size([64]): 
PretrainedInit: load from torchvision://resnet50 
 
05/12 18:20:59 - mmengine - INFO - 
layer1.1.bn2.bias - torch.Size([64]): 
PretrainedInit: load from torchvision://resnet50 
 
05/12 18:20:59 - mmengine - INFO - 
layer1.1.conv3.weight - torch.Size([256, 64, 1, 1]): 
PretrainedInit: load from torchvision://resnet50 
 
05/12 18:20:59 - mmengine - INFO - 
layer1.1.bn3.weight - torch.Size([256]): 
PretrainedInit: load from torchvision://resnet50 
 
05/12 18:20:59 - mmengine - INFO - 
layer1.1.bn3.bias - torch.Size([256]): 
PretrainedInit: load from torchvision://resnet50 
 
05/12 18:20:59 - mmengine - INFO - 
layer1.2.conv1.weight - torch.Size([64, 256, 1, 1]): 
PretrainedInit: load from torchvision://resnet50 
 
05/12 18:20:59 - mmengine - INFO - 
layer1.2.bn1.weight - torch.Size([64]): 
PretrainedInit: load from torchvision://resnet50 
 
05/12 18:20:59 - mmengine - INFO - 
layer1.2.bn1.bias - torch.Size([64]): 
PretrainedInit: load from torchvision://resnet50 
 
05/12 18:20:59 - mmengine - INFO - 
layer1.2.conv2.weight - torch.Size([64, 64, 3, 3]): 
PretrainedInit: load from torchvision://resnet50 
 
05/12 18:20:59 - mmengine - INFO - 
layer1.2.bn2.weight - torch.Size([64]): 
PretrainedInit: load from torchvision://resnet50 
 
05/12 18:20:59 - mmengine - INFO - 
layer1.2.bn2.bias - torch.Size([64]): 
PretrainedInit: load from torchvision://resnet50 
 
05/12 18:20:59 - mmengine - INFO - 
layer1.2.conv3.weight - torch.Size([256, 64, 1, 1]): 
PretrainedInit: load from torchvision://resnet50 
 
05/12 18:20:59 - mmengine - INFO - 
layer1.2.bn3.weight - torch.Size([256]): 
PretrainedInit: load from torchvision://resnet50 
 
05/12 18:20:59 - mmengine - INFO - 
layer1.2.bn3.bias - torch.Size([256]): 
PretrainedInit: load from torchvision://resnet50 
 
05/12 18:20:59 - mmengine - INFO - 
layer2.0.conv1.weight - torch.Size([128, 256, 1, 1]): 
PretrainedInit: load from torchvision://resnet50 
 
05/12 18:20:59 - mmengine - INFO - 
layer2.0.bn1.weight - torch.Size([128]): 
PretrainedInit: load from torchvision://resnet50 
 
05/12 18:20:59 - mmengine - INFO - 
layer2.0.bn1.bias - torch.Size([128]): 
PretrainedInit: load from torchvision://resnet50 
 
05/12 18:20:59 - mmengine - INFO - 
layer2.0.conv2.weight - torch.Size([128, 128, 3, 3]): 
PretrainedInit: load from torchvision://resnet50 
 
05/12 18:20:59 - mmengine - INFO - 
layer2.0.bn2.weight - torch.Size([128]): 
PretrainedInit: load from torchvision://resnet50 
 
05/12 18:20:59 - mmengine - INFO - 
layer2.0.bn2.bias - torch.Size([128]): 
PretrainedInit: load from torchvision://resnet50 
 
05/12 18:20:59 - mmengine - INFO - 
layer2.0.conv3.weight - torch.Size([512, 128, 1, 1]): 
PretrainedInit: load from torchvision://resnet50 
 
05/12 18:20:59 - mmengine - INFO - 
layer2.0.bn3.weight - torch.Size([512]): 
PretrainedInit: load from torchvision://resnet50 
 
05/12 18:20:59 - mmengine - INFO - 
layer2.0.bn3.bias - torch.Size([512]): 
PretrainedInit: load from torchvision://resnet50 
 
05/12 18:20:59 - mmengine - INFO - 
layer2.0.downsample.0.weight - torch.Size([512, 256, 1, 1]): 
PretrainedInit: load from torchvision://resnet50 
 
05/12 18:20:59 - mmengine - INFO - 
layer2.0.downsample.1.weight - torch.Size([512]): 
PretrainedInit: load from torchvision://resnet50 
 
05/12 18:20:59 - mmengine - INFO - 
layer2.0.downsample.1.bias - torch.Size([512]): 
PretrainedInit: load from torchvision://resnet50 
 
05/12 18:20:59 - mmengine - INFO - 
layer2.1.conv1.weight - torch.Size([128, 512, 1, 1]): 
PretrainedInit: load from torchvision://resnet50 
 
05/12 18:20:59 - mmengine - INFO - 
layer2.1.bn1.weight - torch.Size([128]): 
PretrainedInit: load from torchvision://resnet50 
 
05/12 18:20:59 - mmengine - INFO - 
layer2.1.bn1.bias - torch.Size([128]): 
PretrainedInit: load from torchvision://resnet50 
 
05/12 18:20:59 - mmengine - INFO - 
layer2.1.conv2.weight - torch.Size([128, 128, 3, 3]): 
PretrainedInit: load from torchvision://resnet50 
 
05/12 18:20:59 - mmengine - INFO - 
layer2.1.bn2.weight - torch.Size([128]): 
PretrainedInit: load from torchvision://resnet50 
 
05/12 18:20:59 - mmengine - INFO - 
layer2.1.bn2.bias - torch.Size([128]): 
PretrainedInit: load from torchvision://resnet50 
 
05/12 18:20:59 - mmengine - INFO - 
layer2.1.conv3.weight - torch.Size([512, 128, 1, 1]): 
PretrainedInit: load from torchvision://resnet50 
 
05/12 18:20:59 - mmengine - INFO - 
layer2.1.bn3.weight - torch.Size([512]): 
PretrainedInit: load from torchvision://resnet50 
 
05/12 18:20:59 - mmengine - INFO - 
layer2.1.bn3.bias - torch.Size([512]): 
PretrainedInit: load from torchvision://resnet50 
 
05/12 18:20:59 - mmengine - INFO - 
layer2.2.conv1.weight - torch.Size([128, 512, 1, 1]): 
PretrainedInit: load from torchvision://resnet50 
 
05/12 18:20:59 - mmengine - INFO - 
layer2.2.bn1.weight - torch.Size([128]): 
PretrainedInit: load from torchvision://resnet50 
 
05/12 18:20:59 - mmengine - INFO - 
layer2.2.bn1.bias - torch.Size([128]): 
PretrainedInit: load from torchvision://resnet50 
 
05/12 18:20:59 - mmengine - INFO - 
layer2.2.conv2.weight - torch.Size([128, 128, 3, 3]): 
PretrainedInit: load from torchvision://resnet50 
 
05/12 18:20:59 - mmengine - INFO - 
layer2.2.bn2.weight - torch.Size([128]): 
PretrainedInit: load from torchvision://resnet50 
 
05/12 18:20:59 - mmengine - INFO - 
layer2.2.bn2.bias - torch.Size([128]): 
PretrainedInit: load from torchvision://resnet50 
 
05/12 18:20:59 - mmengine - INFO - 
layer2.2.conv3.weight - torch.Size([512, 128, 1, 1]): 
PretrainedInit: load from torchvision://resnet50 
 
05/12 18:20:59 - mmengine - INFO - 
layer2.2.bn3.weight - torch.Size([512]): 
PretrainedInit: load from torchvision://resnet50 
 
05/12 18:20:59 - mmengine - INFO - 
layer2.2.bn3.bias - torch.Size([512]): 
PretrainedInit: load from torchvision://resnet50 
 
05/12 18:20:59 - mmengine - INFO - 
layer2.3.conv1.weight - torch.Size([128, 512, 1, 1]): 
PretrainedInit: load from torchvision://resnet50 
 
05/12 18:20:59 - mmengine - INFO - 
layer2.3.bn1.weight - torch.Size([128]): 
PretrainedInit: load from torchvision://resnet50 
 
05/12 18:20:59 - mmengine - INFO - 
layer2.3.bn1.bias - torch.Size([128]): 
PretrainedInit: load from torchvision://resnet50 
 
05/12 18:20:59 - mmengine - INFO - 
layer2.3.conv2.weight - torch.Size([128, 128, 3, 3]): 
PretrainedInit: load from torchvision://resnet50 
 
05/12 18:20:59 - mmengine - INFO - 
layer2.3.bn2.weight - torch.Size([128]): 
PretrainedInit: load from torchvision://resnet50 
 
05/12 18:20:59 - mmengine - INFO - 
layer2.3.bn2.bias - torch.Size([128]): 
PretrainedInit: load from torchvision://resnet50 
 
05/12 18:20:59 - mmengine - INFO - 
layer2.3.conv3.weight - torch.Size([512, 128, 1, 1]): 
PretrainedInit: load from torchvision://resnet50 
 
05/12 18:20:59 - mmengine - INFO - 
layer2.3.bn3.weight - torch.Size([512]): 
PretrainedInit: load from torchvision://resnet50 
 
05/12 18:20:59 - mmengine - INFO - 
layer2.3.bn3.bias - torch.Size([512]): 
PretrainedInit: load from torchvision://resnet50 
 
05/12 18:20:59 - mmengine - INFO - 
layer3.0.conv1.weight - torch.Size([256, 512, 1, 1]): 
PretrainedInit: load from torchvision://resnet50 
 
05/12 18:20:59 - mmengine - INFO - 
layer3.0.bn1.weight - torch.Size([256]): 
PretrainedInit: load from torchvision://resnet50 
 
05/12 18:20:59 - mmengine - INFO - 
layer3.0.bn1.bias - torch.Size([256]): 
PretrainedInit: load from torchvision://resnet50 
 
05/12 18:20:59 - mmengine - INFO - 
layer3.0.conv2.weight - torch.Size([256, 256, 3, 3]): 
PretrainedInit: load from torchvision://resnet50 
 
05/12 18:20:59 - mmengine - INFO - 
layer3.0.bn2.weight - torch.Size([256]): 
PretrainedInit: load from torchvision://resnet50 
 
05/12 18:20:59 - mmengine - INFO - 
layer3.0.bn2.bias - torch.Size([256]): 
PretrainedInit: load from torchvision://resnet50 
 
05/12 18:20:59 - mmengine - INFO - 
layer3.0.conv3.weight - torch.Size([1024, 256, 1, 1]): 
PretrainedInit: load from torchvision://resnet50 
 
05/12 18:20:59 - mmengine - INFO - 
layer3.0.bn3.weight - torch.Size([1024]): 
PretrainedInit: load from torchvision://resnet50 
 
05/12 18:20:59 - mmengine - INFO - 
layer3.0.bn3.bias - torch.Size([1024]): 
PretrainedInit: load from torchvision://resnet50 
 
05/12 18:20:59 - mmengine - INFO - 
layer3.0.downsample.0.weight - torch.Size([1024, 512, 1, 1]): 
PretrainedInit: load from torchvision://resnet50 
 
05/12 18:20:59 - mmengine - INFO - 
layer3.0.downsample.1.weight - torch.Size([1024]): 
PretrainedInit: load from torchvision://resnet50 
 
05/12 18:20:59 - mmengine - INFO - 
layer3.0.downsample.1.bias - torch.Size([1024]): 
PretrainedInit: load from torchvision://resnet50 
 
05/12 18:20:59 - mmengine - INFO - 
layer3.1.conv1.weight - torch.Size([256, 1024, 1, 1]): 
PretrainedInit: load from torchvision://resnet50 
 
05/12 18:20:59 - mmengine - INFO - 
layer3.1.bn1.weight - torch.Size([256]): 
PretrainedInit: load from torchvision://resnet50 
 
05/12 18:20:59 - mmengine - INFO - 
layer3.1.bn1.bias - torch.Size([256]): 
PretrainedInit: load from torchvision://resnet50 
 
05/12 18:20:59 - mmengine - INFO - 
layer3.1.conv2.weight - torch.Size([256, 256, 3, 3]): 
PretrainedInit: load from torchvision://resnet50 
 
05/12 18:20:59 - mmengine - INFO - 
layer3.1.bn2.weight - torch.Size([256]): 
PretrainedInit: load from torchvision://resnet50 
 
05/12 18:20:59 - mmengine - INFO - 
layer3.1.bn2.bias - torch.Size([256]): 
PretrainedInit: load from torchvision://resnet50 
 
05/12 18:20:59 - mmengine - INFO - 
layer3.1.conv3.weight - torch.Size([1024, 256, 1, 1]): 
PretrainedInit: load from torchvision://resnet50 
 
05/12 18:20:59 - mmengine - INFO - 
layer3.1.bn3.weight - torch.Size([1024]): 
PretrainedInit: load from torchvision://resnet50 
 
05/12 18:20:59 - mmengine - INFO - 
layer3.1.bn3.bias - torch.Size([1024]): 
PretrainedInit: load from torchvision://resnet50 
 
05/12 18:20:59 - mmengine - INFO - 
layer3.2.conv1.weight - torch.Size([256, 1024, 1, 1]): 
PretrainedInit: load from torchvision://resnet50 
 
05/12 18:20:59 - mmengine - INFO - 
layer3.2.bn1.weight - torch.Size([256]): 
PretrainedInit: load from torchvision://resnet50 
 
05/12 18:20:59 - mmengine - INFO - 
layer3.2.bn1.bias - torch.Size([256]): 
PretrainedInit: load from torchvision://resnet50 
 
05/12 18:20:59 - mmengine - INFO - 
layer3.2.conv2.weight - torch.Size([256, 256, 3, 3]): 
PretrainedInit: load from torchvision://resnet50 
 
05/12 18:20:59 - mmengine - INFO - 
layer3.2.bn2.weight - torch.Size([256]): 
PretrainedInit: load from torchvision://resnet50 
 
05/12 18:20:59 - mmengine - INFO - 
layer3.2.bn2.bias - torch.Size([256]): 
PretrainedInit: load from torchvision://resnet50 
 
05/12 18:20:59 - mmengine - INFO - 
layer3.2.conv3.weight - torch.Size([1024, 256, 1, 1]): 
PretrainedInit: load from torchvision://resnet50 
 
05/12 18:20:59 - mmengine - INFO - 
layer3.2.bn3.weight - torch.Size([1024]): 
PretrainedInit: load from torchvision://resnet50 
 
05/12 18:20:59 - mmengine - INFO - 
layer3.2.bn3.bias - torch.Size([1024]): 
PretrainedInit: load from torchvision://resnet50 
 
05/12 18:20:59 - mmengine - INFO - 
layer3.3.conv1.weight - torch.Size([256, 1024, 1, 1]): 
PretrainedInit: load from torchvision://resnet50 
 
05/12 18:20:59 - mmengine - INFO - 
layer3.3.bn1.weight - torch.Size([256]): 
PretrainedInit: load from torchvision://resnet50 
 
05/12 18:20:59 - mmengine - INFO - 
layer3.3.bn1.bias - torch.Size([256]): 
PretrainedInit: load from torchvision://resnet50 
 
05/12 18:20:59 - mmengine - INFO - 
layer3.3.conv2.weight - torch.Size([256, 256, 3, 3]): 
PretrainedInit: load from torchvision://resnet50 
 
05/12 18:20:59 - mmengine - INFO - 
layer3.3.bn2.weight - torch.Size([256]): 
PretrainedInit: load from torchvision://resnet50 
 
05/12 18:20:59 - mmengine - INFO - 
layer3.3.bn2.bias - torch.Size([256]): 
PretrainedInit: load from torchvision://resnet50 
 
05/12 18:20:59 - mmengine - INFO - 
layer3.3.conv3.weight - torch.Size([1024, 256, 1, 1]): 
PretrainedInit: load from torchvision://resnet50 
 
05/12 18:20:59 - mmengine - INFO - 
layer3.3.bn3.weight - torch.Size([1024]): 
PretrainedInit: load from torchvision://resnet50 
 
05/12 18:20:59 - mmengine - INFO - 
layer3.3.bn3.bias - torch.Size([1024]): 
PretrainedInit: load from torchvision://resnet50 
 
05/12 18:20:59 - mmengine - INFO - 
layer3.4.conv1.weight - torch.Size([256, 1024, 1, 1]): 
PretrainedInit: load from torchvision://resnet50 
 
05/12 18:20:59 - mmengine - INFO - 
layer3.4.bn1.weight - torch.Size([256]): 
PretrainedInit: load from torchvision://resnet50 
 
05/12 18:20:59 - mmengine - INFO - 
layer3.4.bn1.bias - torch.Size([256]): 
PretrainedInit: load from torchvision://resnet50 
 
05/12 18:20:59 - mmengine - INFO - 
layer3.4.conv2.weight - torch.Size([256, 256, 3, 3]): 
PretrainedInit: load from torchvision://resnet50 
 
05/12 18:20:59 - mmengine - INFO - 
layer3.4.bn2.weight - torch.Size([256]): 
PretrainedInit: load from torchvision://resnet50 
 
05/12 18:20:59 - mmengine - INFO - 
layer3.4.bn2.bias - torch.Size([256]): 
PretrainedInit: load from torchvision://resnet50 
 
05/12 18:20:59 - mmengine - INFO - 
layer3.4.conv3.weight - torch.Size([1024, 256, 1, 1]): 
PretrainedInit: load from torchvision://resnet50 
 
05/12 18:20:59 - mmengine - INFO - 
layer3.4.bn3.weight - torch.Size([1024]): 
PretrainedInit: load from torchvision://resnet50 
 
05/12 18:20:59 - mmengine - INFO - 
layer3.4.bn3.bias - torch.Size([1024]): 
PretrainedInit: load from torchvision://resnet50 
 
05/12 18:20:59 - mmengine - INFO - 
layer3.5.conv1.weight - torch.Size([256, 1024, 1, 1]): 
PretrainedInit: load from torchvision://resnet50 
 
05/12 18:20:59 - mmengine - INFO - 
layer3.5.bn1.weight - torch.Size([256]): 
PretrainedInit: load from torchvision://resnet50 
 
05/12 18:20:59 - mmengine - INFO - 
layer3.5.bn1.bias - torch.Size([256]): 
PretrainedInit: load from torchvision://resnet50 
 
05/12 18:20:59 - mmengine - INFO - 
layer3.5.conv2.weight - torch.Size([256, 256, 3, 3]): 
PretrainedInit: load from torchvision://resnet50 
 
05/12 18:20:59 - mmengine - INFO - 
layer3.5.bn2.weight - torch.Size([256]): 
PretrainedInit: load from torchvision://resnet50 
 
05/12 18:20:59 - mmengine - INFO - 
layer3.5.bn2.bias - torch.Size([256]): 
PretrainedInit: load from torchvision://resnet50 
 
05/12 18:20:59 - mmengine - INFO - 
layer3.5.conv3.weight - torch.Size([1024, 256, 1, 1]): 
PretrainedInit: load from torchvision://resnet50 
 
05/12 18:20:59 - mmengine - INFO - 
layer3.5.bn3.weight - torch.Size([1024]): 
PretrainedInit: load from torchvision://resnet50 
 
05/12 18:20:59 - mmengine - INFO - 
layer3.5.bn3.bias - torch.Size([1024]): 
PretrainedInit: load from torchvision://resnet50 
 
05/12 18:20:59 - mmengine - INFO - 
layer4.0.conv1.weight - torch.Size([512, 1024, 1, 1]): 
PretrainedInit: load from torchvision://resnet50 
 
05/12 18:20:59 - mmengine - INFO - 
layer4.0.bn1.weight - torch.Size([512]): 
PretrainedInit: load from torchvision://resnet50 
 
05/12 18:20:59 - mmengine - INFO - 
layer4.0.bn1.bias - torch.Size([512]): 
PretrainedInit: load from torchvision://resnet50 
 
05/12 18:20:59 - mmengine - INFO - 
layer4.0.conv2.weight - torch.Size([512, 512, 3, 3]): 
PretrainedInit: load from torchvision://resnet50 
 
05/12 18:20:59 - mmengine - INFO - 
layer4.0.bn2.weight - torch.Size([512]): 
PretrainedInit: load from torchvision://resnet50 
 
05/12 18:20:59 - mmengine - INFO - 
layer4.0.bn2.bias - torch.Size([512]): 
PretrainedInit: load from torchvision://resnet50 
 
05/12 18:20:59 - mmengine - INFO - 
layer4.0.conv3.weight - torch.Size([2048, 512, 1, 1]): 
PretrainedInit: load from torchvision://resnet50 
 
05/12 18:20:59 - mmengine - INFO - 
layer4.0.bn3.weight - torch.Size([2048]): 
PretrainedInit: load from torchvision://resnet50 
 
05/12 18:20:59 - mmengine - INFO - 
layer4.0.bn3.bias - torch.Size([2048]): 
PretrainedInit: load from torchvision://resnet50 
 
05/12 18:20:59 - mmengine - INFO - 
layer4.0.downsample.0.weight - torch.Size([2048, 1024, 1, 1]): 
PretrainedInit: load from torchvision://resnet50 
 
05/12 18:20:59 - mmengine - INFO - 
layer4.0.downsample.1.weight - torch.Size([2048]): 
PretrainedInit: load from torchvision://resnet50 
 
05/12 18:20:59 - mmengine - INFO - 
layer4.0.downsample.1.bias - torch.Size([2048]): 
PretrainedInit: load from torchvision://resnet50 
 
05/12 18:20:59 - mmengine - INFO - 
layer4.1.conv1.weight - torch.Size([512, 2048, 1, 1]): 
PretrainedInit: load from torchvision://resnet50 
 
05/12 18:20:59 - mmengine - INFO - 
layer4.1.bn1.weight - torch.Size([512]): 
PretrainedInit: load from torchvision://resnet50 
 
05/12 18:20:59 - mmengine - INFO - 
layer4.1.bn1.bias - torch.Size([512]): 
PretrainedInit: load from torchvision://resnet50 
 
05/12 18:20:59 - mmengine - INFO - 
layer4.1.conv2.weight - torch.Size([512, 512, 3, 3]): 
PretrainedInit: load from torchvision://resnet50 
 
05/12 18:20:59 - mmengine - INFO - 
layer4.1.bn2.weight - torch.Size([512]): 
PretrainedInit: load from torchvision://resnet50 
 
05/12 18:20:59 - mmengine - INFO - 
layer4.1.bn2.bias - torch.Size([512]): 
PretrainedInit: load from torchvision://resnet50 
 
05/12 18:20:59 - mmengine - INFO - 
layer4.1.conv3.weight - torch.Size([2048, 512, 1, 1]): 
PretrainedInit: load from torchvision://resnet50 
 
05/12 18:20:59 - mmengine - INFO - 
layer4.1.bn3.weight - torch.Size([2048]): 
PretrainedInit: load from torchvision://resnet50 
 
05/12 18:20:59 - mmengine - INFO - 
layer4.1.bn3.bias - torch.Size([2048]): 
PretrainedInit: load from torchvision://resnet50 
 
05/12 18:20:59 - mmengine - INFO - 
layer4.2.conv1.weight - torch.Size([512, 2048, 1, 1]): 
PretrainedInit: load from torchvision://resnet50 
 
05/12 18:20:59 - mmengine - INFO - 
layer4.2.bn1.weight - torch.Size([512]): 
PretrainedInit: load from torchvision://resnet50 
 
05/12 18:20:59 - mmengine - INFO - 
layer4.2.bn1.bias - torch.Size([512]): 
PretrainedInit: load from torchvision://resnet50 
 
05/12 18:20:59 - mmengine - INFO - 
layer4.2.conv2.weight - torch.Size([512, 512, 3, 3]): 
PretrainedInit: load from torchvision://resnet50 
 
05/12 18:20:59 - mmengine - INFO - 
layer4.2.bn2.weight - torch.Size([512]): 
PretrainedInit: load from torchvision://resnet50 
 
05/12 18:20:59 - mmengine - INFO - 
layer4.2.bn2.bias - torch.Size([512]): 
PretrainedInit: load from torchvision://resnet50 
 
05/12 18:20:59 - mmengine - INFO - 
layer4.2.conv3.weight - torch.Size([2048, 512, 1, 1]): 
PretrainedInit: load from torchvision://resnet50 
 
05/12 18:20:59 - mmengine - INFO - 
layer4.2.bn3.weight - torch.Size([2048]): 
PretrainedInit: load from torchvision://resnet50 
 
05/12 18:20:59 - mmengine - INFO - 
layer4.2.bn3.bias - torch.Size([2048]): 
PretrainedInit: load from torchvision://resnet50 
 
05/12 18:20:59 - mmengine - INFO - 
lateral_convs.0.conv.weight - torch.Size([768, 256, 1, 1]): 
XavierInit: gain=1, distribution=uniform, bias=0 
 
05/12 18:20:59 - mmengine - INFO - 
lateral_convs.0.conv.bias - torch.Size([768]): 
The value is the same before and after calling `init_weights` of FPN  
 
05/12 18:20:59 - mmengine - INFO - 
lateral_convs.1.conv.weight - torch.Size([768, 512, 1, 1]): 
XavierInit: gain=1, distribution=uniform, bias=0 
 
05/12 18:20:59 - mmengine - INFO - 
lateral_convs.1.conv.bias - torch.Size([768]): 
The value is the same before and after calling `init_weights` of FPN  
 
05/12 18:20:59 - mmengine - INFO - 
lateral_convs.2.conv.weight - torch.Size([768, 1024, 1, 1]): 
XavierInit: gain=1, distribution=uniform, bias=0 
 
05/12 18:20:59 - mmengine - INFO - 
lateral_convs.2.conv.bias - torch.Size([768]): 
The value is the same before and after calling `init_weights` of FPN  
 
05/12 18:20:59 - mmengine - INFO - 
lateral_convs.3.conv.weight - torch.Size([768, 2048, 1, 1]): 
XavierInit: gain=1, distribution=uniform, bias=0 
 
05/12 18:20:59 - mmengine - INFO - 
lateral_convs.3.conv.bias - torch.Size([768]): 
The value is the same before and after calling `init_weights` of FPN  
 
05/12 18:20:59 - mmengine - INFO - 
fpn_convs.0.conv.weight - torch.Size([768, 768, 3, 3]): 
XavierInit: gain=1, distribution=uniform, bias=0 
 
05/12 18:20:59 - mmengine - INFO - 
fpn_convs.0.conv.bias - torch.Size([768]): 
The value is the same before and after calling `init_weights` of FPN  
 
05/12 18:20:59 - mmengine - INFO - 
fpn_convs.1.conv.weight - torch.Size([768, 768, 3, 3]): 
XavierInit: gain=1, distribution=uniform, bias=0 
 
05/12 18:20:59 - mmengine - INFO - 
fpn_convs.1.conv.bias - torch.Size([768]): 
The value is the same before and after calling `init_weights` of FPN  
 
05/12 18:20:59 - mmengine - INFO - 
fpn_convs.2.conv.weight - torch.Size([768, 768, 3, 3]): 
XavierInit: gain=1, distribution=uniform, bias=0 
 
05/12 18:20:59 - mmengine - INFO - 
fpn_convs.2.conv.bias - torch.Size([768]): 
The value is the same before and after calling `init_weights` of FPN  
 
05/12 18:20:59 - mmengine - INFO - 
fpn_convs.3.conv.weight - torch.Size([768, 768, 3, 3]): 
XavierInit: gain=1, distribution=uniform, bias=0 
 
05/12 18:20:59 - mmengine - INFO - 
fpn_convs.3.conv.bias - torch.Size([768]): 
The value is the same before and after calling `init_weights` of FPN  
 
    backbone: 47.5 M trainable, segmentor: 60.5 M trainable, total: 108.0 M
[3/4] Building optimizer (AdamW, lr=4e-4, backbone ×0.25)…
    LR schedule: constant (peak lr held for all 5000 iters)
    DEPTH-ONLY (--depth-only): λ=(0, 1, 0), L_depth at dt=0 only, no warps, no RGB (paper Table 3 ablation 1).
      trains: child {offset,scale,rotation,opacity}, parent {offset,opacity}.
      does NOT train: velocity (no warps → no grad path).
    mixed precision: ENABLED (bf16 autocast)
[4/4] Training for 5000 iters…

  iter |   total |  L_den |  L_dep |  L_rgb |    t0/-/+  depth     |     t0/-/+  rgb     |  ‖∂v‖   |   lr   | sec | mem MB
  -----+---------+--------+--------+--------+----------------------+----------------------+---------+--------+-----+-------
     0 |  14.748 |    nan | 14.748 |    nan | 14.748/  --  /  --   |   --  /  --  /  --   | 0.00e+00 | 5.0e-05 |   2 |   3398
   100 |   3.725 |    nan |  3.725 |    nan |  3.725/  --  /  --   |   --  /  --  /  --   | 0.00e+00 | 5.0e-05 |  70 |   4239
   200 |   4.225 |    nan |  4.225 |    nan |  4.225/  --  /  --   |   --  /  --  /  --   | 0.00e+00 | 5.0e-05 | 139 |   4239
   300 |   3.787 |    nan |  3.787 |    nan |  3.787/  --  /  --   |   --  /  --  /  --   | 0.00e+00 | 5.0e-05 | 207 |   4239
   400 |   3.549 |    nan |  3.549 |    nan |  3.549/  --  /  --   |   --  /  --  /  --   | 0.00e+00 | 5.0e-05 | 275 |   4239
   500 |   4.431 |    nan |  4.431 |    nan |  4.431/  --  /  --   |   --  /  --  /  --   | 0.00e+00 | 5.0e-05 | 343 |   4239
   600 |   3.877 |    nan |  3.877 |    nan |  3.877/  --  /  --   |   --  /  --  /  --   | 0.00e+00 | 5.0e-05 | 411 |   4240
   700 |   3.599 |    nan |  3.599 |    nan |  3.599/  --  /  --   |   --  /  --  /  --   | 0.00e+00 | 5.0e-05 | 480 |   4240
   800 |   4.953 |    nan |  4.953 |    nan |  4.953/  --  /  --   |   --  /  --  /  --   | 0.00e+00 | 5.0e-05 | 548 |   4240
   900 |   3.575 |    nan |  3.575 |    nan |  3.575/  --  /  --   |   --  /  --  /  --   | 0.00e+00 | 5.0e-05 | 616 |   4240
  1000 |   3.315 |    nan |  3.315 |    nan |  3.315/  --  /  --   |   --  /  --  /  --   | 0.00e+00 | 5.0e-05 | 684 |   4240
  1100 |   3.896 |    nan |  3.896 |    nan |  3.896/  --  /  --   |   --  /  --  /  --   | 0.00e+00 | 5.0e-05 | 753 |   4240
  1200 |   4.285 |    nan |  4.285 |    nan |  4.285/  --  /  --   |   --  /  --  /  --   | 0.00e+00 | 5.0e-05 | 821 |   4240
  1300 |   3.790 |    nan |  3.790 |    nan |  3.790/  --  /  --   |   --  /  --  /  --   | 0.00e+00 | 5.0e-05 | 889 |   4240
  1400 |   3.087 |    nan |  3.087 |    nan |  3.087/  --  /  --   |   --  /  --  /  --   | 0.00e+00 | 5.0e-05 | 957 |   4240
  1500 |   3.573 |    nan |  3.573 |    nan |  3.573/  --  /  --   |   --  /  --  /  --   | 0.00e+00 | 5.0e-05 | 1026 |   4241
  1600 |   4.273 |    nan |  4.273 |    nan |  4.273/  --  /  --   |   --  /  --  /  --   | 0.00e+00 | 5.0e-05 | 1094 |   4241
  1700 |   4.252 |    nan |  4.252 |    nan |  4.252/  --  /  --   |   --  /  --  /  --   | 0.00e+00 | 5.0e-05 | 1162 |   4241
  1800 |   3.476 |    nan |  3.476 |    nan |  3.476/  --  /  --   |   --  /  --  /  --   | 0.00e+00 | 5.0e-05 | 1230 |   4241
  1900 |   3.908 |    nan |  3.908 |    nan |  3.908/  --  /  --   |   --  /  --  /  --   | 0.00e+00 | 5.0e-05 | 1299 |   4241
  2000 |   3.625 |    nan |  3.625 |    nan |  3.625/  --  /  --   |   --  /  --  /  --   | 0.00e+00 | 5.0e-05 | 1367 |   4241
  2100 |   5.010 |    nan |  5.010 |    nan |  5.010/  --  /  --   |   --  /  --  /  --   | 0.00e+00 | 5.0e-05 | 1435 |   4241
  2200 |   4.252 |    nan |  4.252 |    nan |  4.252/  --  /  --   |   --  /  --  /  --   | 0.00e+00 | 5.0e-05 | 1504 |   4241
  2300 |   2.453 |    nan |  2.453 |    nan |  2.453/  --  /  --   |   --  /  --  /  --   | 0.00e+00 | 5.0e-05 | 1572 |   4241
  2400 |   2.639 |    nan |  2.639 |    nan |  2.639/  --  /  --   |   --  /  --  /  --   | 0.00e+00 | 5.0e-05 | 1640 |   4241
  2500 |   2.819 |    nan |  2.819 |    nan |  2.819/  --  /  --   |   --  /  --  /  --   | 0.00e+00 | 5.0e-05 | 1708 |   4241
  2600 |   3.521 |    nan |  3.521 |    nan |  3.521/  --  /  --   |   --  /  --  /  --   | 0.00e+00 | 5.0e-05 | 1777 |   4241
  2700 |   3.428 |    nan |  3.428 |    nan |  3.428/  --  /  --   |   --  /  --  /  --   | 0.00e+00 | 5.0e-05 | 1845 |   4241
  2800 |   1.660 |    nan |  1.660 |    nan |  1.660/  --  /  --   |   --  /  --  /  --   | 0.00e+00 | 5.0e-05 | 1913 |   4241
  2900 |   3.180 |    nan |  3.180 |    nan |  3.180/  --  /  --   |   --  /  --  /  --   | 0.00e+00 | 5.0e-05 | 1982 |   4241
  3000 |   2.706 |    nan |  2.706 |    nan |  2.706/  --  /  --   |   --  /  --  /  --   | 0.00e+00 | 5.0e-05 | 2050 |   4241
  3100 |   1.674 |    nan |  1.674 |    nan |  1.674/  --  /  --   |   --  /  --  /  --   | 0.00e+00 | 5.0e-05 | 2119 |   4241
  3200 |   2.772 |    nan |  2.772 |    nan |  2.772/  --  /  --   |   --  /  --  /  --   | 0.00e+00 | 5.0e-05 | 2187 |   4241
  3300 |   1.527 |    nan |  1.527 |    nan |  1.527/  --  /  --   |   --  /  --  /  --   | 0.00e+00 | 5.0e-05 | 2255 |   4241
  3400 |   3.264 |    nan |  3.264 |    nan |  3.264/  --  /  --   |   --  /  --  /  --   | 0.00e+00 | 5.0e-05 | 2324 |   4241
  3500 |   4.267 |    nan |  4.267 |    nan |  4.267/  --  /  --   |   --  /  --  /  --   | 0.00e+00 | 5.0e-05 | 2392 |   4241
  3600 |   3.067 |    nan |  3.067 |    nan |  3.067/  --  /  --   |   --  /  --  /  --   | 0.00e+00 | 5.0e-05 | 2460 |   4241
  3700 |   3.405 |    nan |  3.405 |    nan |  3.405/  --  /  --   |   --  /  --  /  --   | 0.00e+00 | 5.0e-05 | 2528 |   4241
  3800 |   3.474 |    nan |  3.474 |    nan |  3.474/  --  /  --   |   --  /  --  /  --   | 0.00e+00 | 5.0e-05 | 2597 |   4241
  3900 |   4.083 |    nan |  4.083 |    nan |  4.083/  --  /  --   |   --  /  --  /  --   | 0.00e+00 | 5.0e-05 | 2665 |   4241
  4000 |   2.873 |    nan |  2.873 |    nan |  2.873/  --  /  --   |   --  /  --  /  --   | 0.00e+00 | 5.0e-05 | 2733 |   4241
  4100 |   4.111 |    nan |  4.111 |    nan |  4.111/  --  /  --   |   --  /  --  /  --   | 0.00e+00 | 5.0e-05 | 2801 |   4241
  4200 |   3.827 |    nan |  3.827 |    nan |  3.827/  --  /  --   |   --  /  --  /  --   | 0.00e+00 | 5.0e-05 | 2869 |   4241
  4300 |   4.126 |    nan |  4.126 |    nan |  4.126/  --  /  --   |   --  /  --  /  --   | 0.00e+00 | 5.0e-05 | 2938 |   4241
  4400 |   3.122 |    nan |  3.122 |    nan |  3.122/  --  /  --   |   --  /  --  /  --   | 0.00e+00 | 5.0e-05 | 3006 |   4241
  4500 |   3.047 |    nan |  3.047 |    nan |  3.047/  --  /  --   |   --  /  --  /  --   | 0.00e+00 | 5.0e-05 | 3074 |   4241
  4600 |   3.538 |    nan |  3.538 |    nan |  3.538/  --  /  --   |   --  /  --  /  --   | 0.00e+00 | 5.0e-05 | 3143 |   4241
  4700 |   3.919 |    nan |  3.919 |    nan |  3.919/  --  /  --   |   --  /  --  /  --   | 0.00e+00 | 5.0e-05 | 3211 |   4241
  4800 |   3.213 |    nan |  3.213 |    nan |  3.213/  --  /  --   |   --  /  --  /  --   | 0.00e+00 | 5.0e-05 | 3279 |   4241
  4900 |   4.339 |    nan |  4.339 |    nan |  4.339/  --  /  --   |   --  /  --  /  --   | 0.00e+00 | 5.0e-05 | 3347 |   4241
  4999 |   4.422 |    nan |  4.422 |    nan |  4.422/  --  /  --   |   --  /  --  /  --   | 0.00e+00 | 5.0e-05 | 3415 |   4241

Final summary:
  iters total       : 5000
  iters skipped (NaN/inf guard fired): 0  (0.0%)
  loss avg  first 5 (finite) iters: 8.050
  loss avg  last  5 (finite) iters: 4.539
  Δ = +3.511  (GOOD)
  L_denoise drop: +nan m  (target: significantly positive)

S1.7e/f overfit smoke PASSED.
  history saved to out/barebones_full_part1_5000iter_v2/history.json
  weights saved to out/barebones_full_part1_5000iter_v2/ckpt.pt  (413.0 MB)
