Stage-2 smoke run: 50 iters × 4 sequences  (FROM SCRATCH (T0-tier))
  sem_loss=both  weights occ/kl/ce/lov = 1.0/1.0/10.0/1.0
[1/5] Building loader…
    base sequences: 3376, with-GT sequences: 914
    cache the first 4 GT-covered sequences (loader idx = [80, 81, 82, 83])
[2/5] From-scratch T0-tier arch (no Stage-1 ckpt)
    arch: {'K': 900, 'J': 10, 'embed_dims': 768, 'num_layers': 2, 'num_pts': 4, 'feedforward_channels': 2048}
[3/5] Building backbone + Stage 2 model…


    backbone: torchvision ResNet50 pretrained init (no Stage-1 fine-tune)
    segmentor + semantic head: random init
    trainable: backbone=47.5 M, model=22.9 M, total=70.4 M
[5/5] Training for 50 iters (log every 2, NaN-guarded, grad-clip=10.0)…

  iter |   total |  occ_bce |  sem_kl |  sem_ce | lovasz |  gnorm | opa_mean | sec | mem MB
  -----+---------+----------+---------+---------+--------+--------+----------+-----+-------
     0 |  30.999 |   1.2786 |   2.616 |   2.616 |  0.944 |  69.68 |    0.305 |   1 |   4384
     2 |  22.248 |   0.9574 |   1.852 |   1.852 |  0.923 |  28.59 |    0.208 |   4 |   5212
     4 |  19.748 |   0.8217 |   1.638 |   1.638 |  0.905 |  15.40 |    0.117 |   6 |   5212
     6 |  18.206 |   0.7636 |   1.504 |   1.504 |  0.902 |  11.20 |    0.104 |   8 |   5215
     8 |  17.133 |   0.7704 |   1.407 |   1.407 |  0.888 |   9.80 |    0.089 |  11 |   5215
    10 |  16.212 |   0.7928 |   1.322 |   1.322 |  0.872 |  15.21 |    0.101 |  13 |   5215
    12 |  15.687 |   0.7375 |   1.282 |   1.282 |  0.851 |  12.67 |    0.091 |  15 |   5215
    14 |  15.291 |   0.6949 |   1.250 |   1.250 |  0.843 |  13.80 |    0.107 |  18 |   5215
    16 |  14.454 |   0.7656 |   1.168 |   1.168 |  0.837 |  14.91 |    0.114 |  20 |   5215
    18 |  14.602 |   0.7113 |   1.185 |   1.185 |  0.851 |  21.00 |    0.119 |  22 |   5215
    20 |  14.436 |   0.7211 |   1.172 |   1.172 |  0.822 |  24.87 |    0.153 |  25 |   5215
    22 |  14.137 |   0.7385 |   1.142 |   1.142 |  0.841 |  23.81 |    0.159 |  27 |   5215
    24 |  14.105 |   0.7212 |   1.140 |   1.140 |  0.842 |  35.79 |    0.142 |  29 |   5215
    26 |  13.662 |   0.6970 |   1.103 |   1.103 |  0.832 |  13.60 |    0.153 |  32 |   5215
    28 |  13.532 |   0.6962 |   1.093 |   1.093 |  0.814 |  25.03 |    0.164 |  34 |   5215
    30 |  13.530 |   0.7038 |   1.091 |   1.091 |  0.828 |  24.75 |    0.172 |  36 |   5215
    32 |  13.450 |   0.7122 |   1.083 |   1.083 |  0.822 |  26.48 |    0.164 |  39 |   5215
    34 |  13.014 |   0.7336 |   1.043 |   1.043 |  0.807 |  23.17 |    0.180 |  41 |   5215
    36 |  12.960 |   0.7410 |   1.036 |   1.036 |  0.819 |  38.45 |    0.200 |  43 |   5215
    38 |  12.986 |   0.6543 |   1.050 |   1.050 |  0.785 |  42.82 |    0.192 |  46 |   5215
    40 |  13.004 |   0.7343 |   1.041 |   1.041 |  0.813 |  49.97 |    0.191 |  48 |   5215
    42 |  12.802 |   0.7084 |   1.027 |   1.027 |  0.797 |  37.69 |    0.194 |  50 |   5215
    44 |  12.817 |   0.7368 |   1.024 |   1.024 |  0.811 |  28.48 |    0.213 |  53 |   5215
    46 |  12.430 |   0.7232 |   0.992 |   0.992 |  0.791 |  22.29 |    0.217 |  55 |   5215
    48 |  13.043 |   0.6984 |   1.048 |   1.048 |  0.812 |  44.14 |    0.219 |  57 |   5215
    49 |  12.680 |   0.7446 |   1.012 |   1.012 |  0.803 |  23.37 |    0.209 |  59 |   5215

Stage-2 smoke summary:
  iters total              : 50
  iters skipped (NaN guard): 0  (0.0%)
  loss avg first 5 finite  : 23.7887
  loss avg last  5 finite  : 12.7516
  Δ = +11.0371  (GOOD)
  history → out/stage2_smoke_50iter/training_history.json
  ckpt    → out/stage2_smoke_50iter/ckpt.pt  (269.5 MB)
