Stage-2 smoke run: 50 iters × 4 sequences  (FROM SCRATCH (T0-tier))
  sem_loss=both  weights occ/kl/ce/lov = 1.0/1.0/10.0/1.0
  occ_pos_weight=16.0  ignore_empty_in_sem=True
[1/5] Building loader…
    base sequences: 3376, with-GT sequences: 914
    cache the first 4 GT-covered sequences (loader idx = [80, 81, 82, 83])
[2/5] From-scratch T0-tier arch (no Stage-1 ckpt)
    arch: {'K': 900, 'J': 10, 'embed_dims': 768, 'num_layers': 2, 'num_pts': 4, 'feedforward_channels': 2048}
[3/5] Building backbone + Stage 2 model…


    backbone: torchvision ResNet50 pretrained init (no Stage-1 fine-tune)
    segmentor + semantic head: random init
    trainable: backbone=47.5 M, model=22.9 M, total=70.4 M
[4/5] G2V backend: cuda (DENSE — full 200×200×16 grid)
[5/5] Training for 50 iters (log every 2, NaN-guarded, grad-clip=10.0)…

  iter |   total |  occ_bce |  sem_kl |  sem_ce | lovasz |  gnorm | opa_mean | sec | mem MB
  -----+---------+----------+---------+---------+--------+--------+----------+-----+-------
     0 |  35.464 |   2.5125 |   2.909 |   2.909 |  0.948 |  81.11 |    0.305 |   1 |   3193
     2 |  23.893 |   1.8610 |   1.920 |   1.920 |  0.914 |  32.98 |    0.213 |   2 |   3737
     4 |  20.419 |   1.6486 |   1.626 |   1.626 |  0.888 |  19.70 |    0.134 |   4 |   3737
     6 |  18.303 |   1.5165 |   1.448 |   1.448 |  0.862 |  17.48 |    0.152 |   6 |   3739
     8 |  16.772 |   1.4090 |   1.320 |   1.320 |  0.841 |  20.44 |    0.182 |   7 |   3741
    10 |  15.769 |   1.3595 |   1.235 |   1.235 |  0.823 |  25.85 |    0.196 |   9 |   3741
    12 |  14.807 |   1.2830 |   1.156 |   1.156 |  0.808 |  23.73 |    0.254 |  10 |   3741
    14 |  14.326 |   1.2445 |   1.116 |   1.116 |  0.801 |  19.09 |    0.291 |  12 |   3741
    16 |  14.037 |   1.2738 |   1.088 |   1.088 |  0.799 |  52.48 |    0.299 |  13 |   3741
    18 |  13.289 |   1.2748 |   1.022 |   1.022 |  0.772 |  19.34 |    0.327 |  15 |   3741
    20 |  12.745 |   1.3047 |   0.971 |   0.971 |  0.756 |  21.23 |    0.359 |  17 |   3741
    22 |  12.870 |   1.3205 |   0.980 |   0.980 |  0.768 |  36.83 |    0.340 |  18 |   3741
    24 |  13.037 |   1.4209 |   0.987 |   0.987 |  0.756 |  52.78 |    0.302 |  20 |   3741
    26 |  12.533 |   1.2979 |   0.952 |   0.952 |  0.767 |  49.83 |    0.281 |  21 |   3741
    28 |  12.018 |   1.2053 |   0.915 |   0.915 |  0.745 |  38.11 |    0.263 |  23 |   3741
    30 |  11.975 |   1.2426 |   0.908 |   0.908 |  0.744 |  40.99 |    0.264 |  24 |   3741
    32 |  12.103 |   1.2837 |   0.916 |   0.916 |  0.746 |  59.22 |    0.269 |  26 |   3741
    34 |  12.629 |   1.1815 |   0.972 |   0.972 |  0.758 | 101.99 |    0.280 |  28 |   3741
    36 |  11.917 |   1.3671 |   0.892 |   0.892 |  0.736 |  24.93 |    0.274 |  29 |   3741
    38 |  12.168 |   1.2019 |   0.931 |   0.931 |  0.730 |  39.51 |    0.257 |  31 |   3741
    40 |  11.837 |   1.2416 |   0.897 |   0.897 |  0.731 |  34.82 |    0.247 |  32 |   3741
    42 |  11.632 |   1.2836 |   0.874 |   0.874 |  0.730 |  31.22 |    0.224 |  34 |   3741
    44 |  11.395 |   1.2565 |   0.856 |   0.856 |  0.725 |  34.46 |    0.213 |  36 |   3741
    46 |  10.923 |   1.2112 |   0.817 |   0.817 |  0.722 |  21.82 |    0.208 |  37 |   3741
    48 |  11.418 |   1.2669 |   0.857 |   0.857 |  0.725 |  39.46 |    0.213 |  39 |   3741
    49 |  11.439 |   1.2626 |   0.859 |   0.859 |  0.723 |  42.20 |    0.211 |  40 |   3741

Stage-2 smoke summary:
  iters total              : 50
  iters skipped (NaN guard): 0  (0.0%)
  loss avg first 5 finite  : 25.8703
  loss avg last  5 finite  : 11.3485
  Δ = +14.5218  (GOOD)
  history → out/stage2_smoke_50iter_cuda_v2/training_history.json
  ckpt    → out/stage2_smoke_50iter_cuda_v2/ckpt.pt  (269.5 MB)
